/Users/haidegh/dev/stm32/SubGHz_Phy_Per/Middlewares/Third_Party/SubGHz_Phy/stm32_radio_driver/radio_fw.c:822:13:RFW_WhiteInitState	0	static
/Users/haidegh/dev/stm32/SubGHz_Phy_Per/Middlewares/Third_Party/SubGHz_Phy/stm32_radio_driver/radio_fw.c:827:13:RFW_WhiteSetState	0	static
/Users/haidegh/dev/stm32/SubGHz_Phy_Per/Middlewares/Third_Party/SubGHz_Phy/stm32_radio_driver/radio_fw.c:832:13:RFW_CrcInitState	0	static
/Users/haidegh/dev/stm32/SubGHz_Phy_Per/Middlewares/Third_Party/SubGHz_Phy/stm32_radio_driver/radio_fw.c:840:13:RFW_CrcSetState	0	static
/Users/haidegh/dev/stm32/SubGHz_Phy_Per/Middlewares/Third_Party/SubGHz_Phy/stm32_radio_driver/radio_fw.c:845:13:RFW_WhiteRun	8	static
/Users/haidegh/dev/stm32/SubGHz_Phy_Per/Middlewares/Third_Party/SubGHz_Phy/stm32_radio_driver/radio_fw.c:909:16:RFW_PollRxBytes	24	static
/Users/haidegh/dev/stm32/SubGHz_Phy_Per/Middlewares/Third_Party/SubGHz_Phy/stm32_radio_driver/radio_fw.c:422:9:RFW_ReceiveLongPacket	24	static
/Users/haidegh/dev/stm32/SubGHz_Phy_Per/Middlewares/Third_Party/SubGHz_Phy/stm32_radio_driver/radio_fw.c:474:9:RFW_Init	32	static
/Users/haidegh/dev/stm32/SubGHz_Phy_Per/Middlewares/Third_Party/SubGHz_Phy/stm32_radio_driver/radio_fw.c:552:6:RFW_DeInit	0	static
/Users/haidegh/dev/stm32/SubGHz_Phy_Per/Middlewares/Third_Party/SubGHz_Phy/stm32_radio_driver/radio_fw.c:559:9:RFW_Is_Init	0	static
/Users/haidegh/dev/stm32/SubGHz_Phy_Per/Middlewares/Third_Party/SubGHz_Phy/stm32_radio_driver/radio_fw.c:568:9:RFW_Is_LongPacketModeEnabled	0	static
/Users/haidegh/dev/stm32/SubGHz_Phy_Per/Middlewares/Third_Party/SubGHz_Phy/stm32_radio_driver/radio_fw.c:577:6:RFW_SetAntSwitch	0	static
/Users/haidegh/dev/stm32/SubGHz_Phy_Per/Middlewares/Third_Party/SubGHz_Phy/stm32_radio_driver/radio_fw.c:636:9:RFW_ReceiveInit	8	static
/Users/haidegh/dev/stm32/SubGHz_Phy_Per/Middlewares/Third_Party/SubGHz_Phy/stm32_radio_driver/radio_fw.c:659:6:RFW_DeInit_TxLongPacket	8	static
/Users/haidegh/dev/stm32/SubGHz_Phy_Per/Middlewares/Third_Party/SubGHz_Phy/stm32_radio_driver/radio_fw.c:724:6:RFW_SetRadioModem	0	static
/Users/haidegh/dev/stm32/SubGHz_Phy_Per/Middlewares/Third_Party/SubGHz_Phy/stm32_radio_driver/radio_fw.c:890:10:RFW_CrcRun1Byte	0	static
/Users/haidegh/dev/stm32/SubGHz_Phy_Per/Middlewares/Third_Party/SubGHz_Phy/stm32_radio_driver/radio_fw.c:861:16:RFW_CrcRun	32	static
/Users/haidegh/dev/stm32/SubGHz_Phy_Per/Middlewares/Third_Party/SubGHz_Phy/stm32_radio_driver/radio_fw.c:257:9:RFW_TransmitLongPacket	48	static
/Users/haidegh/dev/stm32/SubGHz_Phy_Per/Middlewares/Third_Party/SubGHz_Phy/stm32_radio_driver/radio_fw.c:738:13:RFW_TransmitLongPacket_TxChunkProcess	64	static
/Users/haidegh/dev/stm32/SubGHz_Phy_Per/Middlewares/Third_Party/SubGHz_Phy/stm32_radio_driver/radio_fw.c:733:13:RFW_TransmitLongPacket_NewTxChunkTimerEvent	8	static
/Users/haidegh/dev/stm32/SubGHz_Phy_Per/Middlewares/Third_Party/SubGHz_Phy/stm32_radio_driver/radio_fw.c:1053:13:RFW_GetPayload	40	static
/Users/haidegh/dev/stm32/SubGHz_Phy_Per/Middlewares/Third_Party/SubGHz_Phy/stm32_radio_driver/radio_fw.c:964:13:RFW_GetPayloadProcess	48	static
/Users/haidegh/dev/stm32/SubGHz_Phy_Per/Middlewares/Third_Party/SubGHz_Phy/stm32_radio_driver/radio_fw.c:959:13:RFW_GetPayloadTimerEvent	8	static
/Users/haidegh/dev/stm32/SubGHz_Phy_Per/Middlewares/Third_Party/SubGHz_Phy/stm32_radio_driver/radio_fw.c:584:9:RFW_TransmitInit	32	static
/Users/haidegh/dev/stm32/SubGHz_Phy_Per/Middlewares/Third_Party/SubGHz_Phy/stm32_radio_driver/radio_fw.c:929:16:RFW_GetPacketLength	40	static
/Users/haidegh/dev/stm32/SubGHz_Phy_Per/Middlewares/Third_Party/SubGHz_Phy/stm32_radio_driver/radio_fw.c:669:6:RFW_ReceivePayload	32	static
