Archive member included to satisfy reference by file (symbol)

/Applications/STM32CubeIDE.app/Contents/Eclipse/plugins/com.st.stm32cube.ide.mcu.externaltools.gnu-tools-for-stm32.10.3-2021.10.macos64_1.0.200.202301161003/tools/bin/../lib/gcc/arm-none-eabi/10.3.1/../../../../arm-none-eabi/lib/thumb/v7e-m/nofp/libc_nano.a(lib_a-errno.o)
                              ./Application/User/Core/syscalls.o (__errno)
/Applications/STM32CubeIDE.app/Contents/Eclipse/plugins/com.st.stm32cube.ide.mcu.externaltools.gnu-tools-for-stm32.10.3-2021.10.macos64_1.0.200.202301161003/tools/bin/../lib/gcc/arm-none-eabi/10.3.1/../../../../arm-none-eabi/lib/thumb/v7e-m/nofp/libc_nano.a(lib_a-exit.o)
                              /Applications/STM32CubeIDE.app/Contents/Eclipse/plugins/com.st.stm32cube.ide.mcu.externaltools.gnu-tools-for-stm32.10.3-2021.10.macos64_1.0.200.202301161003/tools/bin/../lib/gcc/arm-none-eabi/10.3.1/../../../../arm-none-eabi/lib/thumb/v7e-m/nofp/crt0.o (exit)
/Applications/STM32CubeIDE.app/Contents/Eclipse/plugins/com.st.stm32cube.ide.mcu.externaltools.gnu-tools-for-stm32.10.3-2021.10.macos64_1.0.200.202301161003/tools/bin/../lib/gcc/arm-none-eabi/10.3.1/../../../../arm-none-eabi/lib/thumb/v7e-m/nofp/libc_nano.a(lib_a-impure.o)
                              /Applications/STM32CubeIDE.app/Contents/Eclipse/plugins/com.st.stm32cube.ide.mcu.externaltools.gnu-tools-for-stm32.10.3-2021.10.macos64_1.0.200.202301161003/tools/bin/../lib/gcc/arm-none-eabi/10.3.1/../../../../arm-none-eabi/lib/thumb/v7e-m/nofp/libc_nano.a(lib_a-exit.o) (_global_impure_ptr)
/Applications/STM32CubeIDE.app/Contents/Eclipse/plugins/com.st.stm32cube.ide.mcu.externaltools.gnu-tools-for-stm32.10.3-2021.10.macos64_1.0.200.202301161003/tools/bin/../lib/gcc/arm-none-eabi/10.3.1/../../../../arm-none-eabi/lib/thumb/v7e-m/nofp/libc_nano.a(lib_a-init.o)
                              /Applications/STM32CubeIDE.app/Contents/Eclipse/plugins/com.st.stm32cube.ide.mcu.externaltools.gnu-tools-for-stm32.10.3-2021.10.macos64_1.0.200.202301161003/tools/bin/../lib/gcc/arm-none-eabi/10.3.1/../../../../arm-none-eabi/lib/thumb/v7e-m/nofp/crt0.o (__libc_init_array)
/Applications/STM32CubeIDE.app/Contents/Eclipse/plugins/com.st.stm32cube.ide.mcu.externaltools.gnu-tools-for-stm32.10.3-2021.10.macos64_1.0.200.202301161003/tools/bin/../lib/gcc/arm-none-eabi/10.3.1/../../../../arm-none-eabi/lib/thumb/v7e-m/nofp/libc_nano.a(lib_a-memcpy-stub.o)
                              ./Application/User/SubGHz_Phy/App/subghz_phy_app.o (memcpy)
/Applications/STM32CubeIDE.app/Contents/Eclipse/plugins/com.st.stm32cube.ide.mcu.externaltools.gnu-tools-for-stm32.10.3-2021.10.macos64_1.0.200.202301161003/tools/bin/../lib/gcc/arm-none-eabi/10.3.1/../../../../arm-none-eabi/lib/thumb/v7e-m/nofp/libc_nano.a(lib_a-memset.o)
                              /Applications/STM32CubeIDE.app/Contents/Eclipse/plugins/com.st.stm32cube.ide.mcu.externaltools.gnu-tools-for-stm32.10.3-2021.10.macos64_1.0.200.202301161003/tools/bin/../lib/gcc/arm-none-eabi/10.3.1/../../../../arm-none-eabi/lib/thumb/v7e-m/nofp/crt0.o (memset)
/Applications/STM32CubeIDE.app/Contents/Eclipse/plugins/com.st.stm32cube.ide.mcu.externaltools.gnu-tools-for-stm32.10.3-2021.10.macos64_1.0.200.202301161003/tools/bin/../lib/gcc/arm-none-eabi/10.3.1/../../../../arm-none-eabi/lib/thumb/v7e-m/nofp/libc_nano.a(lib_a-strlen.o)
                              ./Application/User/Core/sys_app.o (strlen)
/Applications/STM32CubeIDE.app/Contents/Eclipse/plugins/com.st.stm32cube.ide.mcu.externaltools.gnu-tools-for-stm32.10.3-2021.10.macos64_1.0.200.202301161003/tools/bin/../lib/gcc/arm-none-eabi/10.3.1/thumb/v7e-m/nofp/libgcc.a(_aeabi_uldivmod.o)
                              ./Application/User/Core/timer_if.o (__aeabi_uldivmod)
/Applications/STM32CubeIDE.app/Contents/Eclipse/plugins/com.st.stm32cube.ide.mcu.externaltools.gnu-tools-for-stm32.10.3-2021.10.macos64_1.0.200.202301161003/tools/bin/../lib/gcc/arm-none-eabi/10.3.1/thumb/v7e-m/nofp/libgcc.a(_udivmoddi4.o)
                              /Applications/STM32CubeIDE.app/Contents/Eclipse/plugins/com.st.stm32cube.ide.mcu.externaltools.gnu-tools-for-stm32.10.3-2021.10.macos64_1.0.200.202301161003/tools/bin/../lib/gcc/arm-none-eabi/10.3.1/thumb/v7e-m/nofp/libgcc.a(_aeabi_uldivmod.o) (__udivmoddi4)
/Applications/STM32CubeIDE.app/Contents/Eclipse/plugins/com.st.stm32cube.ide.mcu.externaltools.gnu-tools-for-stm32.10.3-2021.10.macos64_1.0.200.202301161003/tools/bin/../lib/gcc/arm-none-eabi/10.3.1/thumb/v7e-m/nofp/libgcc.a(_dvmd_tls.o)
                              /Applications/STM32CubeIDE.app/Contents/Eclipse/plugins/com.st.stm32cube.ide.mcu.externaltools.gnu-tools-for-stm32.10.3-2021.10.macos64_1.0.200.202301161003/tools/bin/../lib/gcc/arm-none-eabi/10.3.1/thumb/v7e-m/nofp/libgcc.a(_aeabi_uldivmod.o) (__aeabi_ldiv0)

Discarded input sections

[...]
Memory Configuration

Name             Origin             Length             Attributes
RAM1             0x0000000020000000 0x0000000000008000 xrw
RAM2             0x0000000020008000 0x0000000000008000 xrw
FLASH            0x0000000008000000 0x0000000000040000 xr
*default*        0x0000000000000000 0xffffffffffffffff

Linker script and memory map

LOAD /Applications/STM32CubeIDE.app/Contents/Eclipse/plugins/com.st.stm32cube.ide.mcu.externaltools.gnu-tools-for-stm32.10.3-2021.10.macos64_1.0.200.202301161003/tools/bin/../lib/gcc/arm-none-eabi/10.3.1/thumb/v7e-m/nofp/crti.o
LOAD /Applications/STM32CubeIDE.app/Contents/Eclipse/plugins/com.st.stm32cube.ide.mcu.externaltools.gnu-tools-for-stm32.10.3-2021.10.macos64_1.0.200.202301161003/tools/bin/../lib/gcc/arm-none-eabi/10.3.1/thumb/v7e-m/nofp/crtbegin.o
LOAD /Applications/STM32CubeIDE.app/Contents/Eclipse/plugins/com.st.stm32cube.ide.mcu.externaltools.gnu-tools-for-stm32.10.3-2021.10.macos64_1.0.200.202301161003/tools/bin/../lib/gcc/arm-none-eabi/10.3.1/../../../../arm-none-eabi/lib/thumb/v7e-m/nofp/crt0.o
LOAD ./Application/User/Core/dma.o
LOAD ./Application/User/Core/gpio.o
LOAD ./Application/User/Core/main.o
LOAD ./Application/User/Core/rtc.o
LOAD ./Application/User/Core/stm32_lpm_if.o
LOAD ./Application/User/Core/stm32wlxx_hal_msp.o
LOAD ./Application/User/Core/stm32wlxx_it.o
LOAD ./Application/User/Core/subghz.o
LOAD ./Application/User/Core/sys_app.o
LOAD ./Application/User/Core/sys_debug.o
LOAD ./Application/User/Core/syscalls.o
LOAD ./Application/User/Core/sysmem.o
LOAD ./Application/User/Core/timer_if.o
LOAD ./Application/User/Core/usart.o
LOAD ./Application/User/Core/usart_if.o
LOAD ./Application/User/Startup/startup_stm32wl55jcix.o
LOAD ./Application/User/SubGHz_Phy/App/app_subghz_phy.o
LOAD ./Application/User/SubGHz_Phy/App/subghz_phy_app.o
LOAD ./Application/User/SubGHz_Phy/Target/radio_board_if.o
LOAD ./Drivers/BSP/STM32WLxx_Nucleo/stm32wlxx_nucleo.o
LOAD ./Drivers/BSP/STM32WLxx_Nucleo/stm32wlxx_nucleo_radio.o
LOAD ./Drivers/CMSIS/system_stm32wlxx.o
LOAD ./Drivers/STM32WLxx_HAL_Driver/stm32wlxx_hal.o
LOAD ./Drivers/STM32WLxx_HAL_Driver/stm32wlxx_hal_cortex.o
LOAD ./Drivers/STM32WLxx_HAL_Driver/stm32wlxx_hal_dma.o
LOAD ./Drivers/STM32WLxx_HAL_Driver/stm32wlxx_hal_dma_ex.o
LOAD ./Drivers/STM32WLxx_HAL_Driver/stm32wlxx_hal_exti.o
LOAD ./Drivers/STM32WLxx_HAL_Driver/stm32wlxx_hal_flash.o
LOAD ./Drivers/STM32WLxx_HAL_Driver/stm32wlxx_hal_flash_ex.o
LOAD ./Drivers/STM32WLxx_HAL_Driver/stm32wlxx_hal_gpio.o
LOAD ./Drivers/STM32WLxx_HAL_Driver/stm32wlxx_hal_pwr.o
LOAD ./Drivers/STM32WLxx_HAL_Driver/stm32wlxx_hal_pwr_ex.o
LOAD ./Drivers/STM32WLxx_HAL_Driver/stm32wlxx_hal_rcc.o
LOAD ./Drivers/STM32WLxx_HAL_Driver/stm32wlxx_hal_rcc_ex.o
LOAD ./Drivers/STM32WLxx_HAL_Driver/stm32wlxx_hal_rtc.o
LOAD ./Drivers/STM32WLxx_HAL_Driver/stm32wlxx_hal_rtc_ex.o
LOAD ./Drivers/STM32WLxx_HAL_Driver/stm32wlxx_hal_subghz.o
LOAD ./Drivers/STM32WLxx_HAL_Driver/stm32wlxx_hal_tim.o
LOAD ./Drivers/STM32WLxx_HAL_Driver/stm32wlxx_hal_tim_ex.o
LOAD ./Drivers/STM32WLxx_HAL_Driver/stm32wlxx_hal_uart.o
LOAD ./Drivers/STM32WLxx_HAL_Driver/stm32wlxx_hal_uart_ex.o
LOAD ./Middlewares/SubGHz_Phy/lr_fhss_mac.o
LOAD ./Middlewares/SubGHz_Phy/radio.o
LOAD ./Middlewares/SubGHz_Phy/radio_driver.o
LOAD ./Middlewares/SubGHz_Phy/radio_fw.o
LOAD ./Middlewares/SubGHz_Phy/wl_lr_fhss.o
LOAD ./Utilities/stm32_adv_trace.o
LOAD ./Utilities/stm32_lpm.o
LOAD ./Utilities/stm32_mem.o
LOAD ./Utilities/stm32_seq.o
LOAD ./Utilities/stm32_systime.o
LOAD ./Utilities/stm32_timer.o
LOAD ./Utilities/stm32_tiny_sscanf.o
LOAD ./Utilities/stm32_tiny_vsnprintf.o
START GROUP
LOAD /Applications/STM32CubeIDE.app/Contents/Eclipse/plugins/com.st.stm32cube.ide.mcu.externaltools.gnu-tools-for-stm32.10.3-2021.10.macos64_1.0.200.202301161003/tools/bin/../lib/gcc/arm-none-eabi/10.3.1/../../../../arm-none-eabi/lib/thumb/v7e-m/nofp/libc_nano.a
LOAD /Applications/STM32CubeIDE.app/Contents/Eclipse/plugins/com.st.stm32cube.ide.mcu.externaltools.gnu-tools-for-stm32.10.3-2021.10.macos64_1.0.200.202301161003/tools/bin/../lib/gcc/arm-none-eabi/10.3.1/../../../../arm-none-eabi/lib/thumb/v7e-m/nofp/libm.a
END GROUP
START GROUP
LOAD /Applications/STM32CubeIDE.app/Contents/Eclipse/plugins/com.st.stm32cube.ide.mcu.externaltools.gnu-tools-for-stm32.10.3-2021.10.macos64_1.0.200.202301161003/tools/bin/../lib/gcc/arm-none-eabi/10.3.1/thumb/v7e-m/nofp/libgcc.a
LOAD /Applications/STM32CubeIDE.app/Contents/Eclipse/plugins/com.st.stm32cube.ide.mcu.externaltools.gnu-tools-for-stm32.10.3-2021.10.macos64_1.0.200.202301161003/tools/bin/../lib/gcc/arm-none-eabi/10.3.1/../../../../arm-none-eabi/lib/thumb/v7e-m/nofp/libc_nano.a
END GROUP
START GROUP
LOAD /Applications/STM32CubeIDE.app/Contents/Eclipse/plugins/com.st.stm32cube.ide.mcu.externaltools.gnu-tools-for-stm32.10.3-2021.10.macos64_1.0.200.202301161003/tools/bin/../lib/gcc/arm-none-eabi/10.3.1/thumb/v7e-m/nofp/libgcc.a
LOAD /Applications/STM32CubeIDE.app/Contents/Eclipse/plugins/com.st.stm32cube.ide.mcu.externaltools.gnu-tools-for-stm32.10.3-2021.10.macos64_1.0.200.202301161003/tools/bin/../lib/gcc/arm-none-eabi/10.3.1/../../../../arm-none-eabi/lib/thumb/v7e-m/nofp/libc_nano.a
LOAD /Applications/STM32CubeIDE.app/Contents/Eclipse/plugins/com.st.stm32cube.ide.mcu.externaltools.gnu-tools-for-stm32.10.3-2021.10.macos64_1.0.200.202301161003/tools/bin/../lib/gcc/arm-none-eabi/10.3.1/../../../../arm-none-eabi/lib/thumb/v7e-m/nofp/libnosys.a
END GROUP
START GROUP
LOAD /Applications/STM32CubeIDE.app/Contents/Eclipse/plugins/com.st.stm32cube.ide.mcu.externaltools.gnu-tools-for-stm32.10.3-2021.10.macos64_1.0.200.202301161003/tools/bin/../lib/gcc/arm-none-eabi/10.3.1/thumb/v7e-m/nofp/libgcc.a
LOAD /Applications/STM32CubeIDE.app/Contents/Eclipse/plugins/com.st.stm32cube.ide.mcu.externaltools.gnu-tools-for-stm32.10.3-2021.10.macos64_1.0.200.202301161003/tools/bin/../lib/gcc/arm-none-eabi/10.3.1/../../../../arm-none-eabi/lib/thumb/v7e-m/nofp/libc_nano.a
LOAD /Applications/STM32CubeIDE.app/Contents/Eclipse/plugins/com.st.stm32cube.ide.mcu.externaltools.gnu-tools-for-stm32.10.3-2021.10.macos64_1.0.200.202301161003/tools/bin/../lib/gcc/arm-none-eabi/10.3.1/../../../../arm-none-eabi/lib/thumb/v7e-m/nofp/libnosys.a
END GROUP
LOAD /Applications/STM32CubeIDE.app/Contents/Eclipse/plugins/com.st.stm32cube.ide.mcu.externaltools.gnu-tools-for-stm32.10.3-2021.10.macos64_1.0.200.202301161003/tools/bin/../lib/gcc/arm-none-eabi/10.3.1/thumb/v7e-m/nofp/crtend.o
LOAD /Applications/STM32CubeIDE.app/Contents/Eclipse/plugins/com.st.stm32cube.ide.mcu.externaltools.gnu-tools-for-stm32.10.3-2021.10.macos64_1.0.200.202301161003/tools/bin/../lib/gcc/arm-none-eabi/10.3.1/thumb/v7e-m/nofp/crtn.o
                0x0000000020008000                _estack = (ORIGIN (RAM1) + LENGTH (RAM1))
                0x0000000000000200                _Min_Heap_Size = 0x200
                0x0000000000000800                _Min_Stack_Size = 0x800

.isr_vector     0x0000000008000000      0x138
                0x0000000008000000                . = ALIGN (0x8)
 *(.isr_vector)
 .isr_vector    0x0000000008000000      0x138 ./Application/User/Startup/startup_stm32wl55jcix.o
                0x0000000008000000                g_pfnVectors
                0x0000000008000138                . = ALIGN (0x8)

.text           0x0000000008000138     0x8678
                0x0000000008000138                . = ALIGN (0x8)
 *(.text)
 .text          0x0000000008000138       0x40 /Applications/STM32CubeIDE.app/Contents/Eclipse/plugins/com.st.stm32cube.ide.mcu.externaltools.gnu-tools-for-stm32.10.3-2021.10.macos64_1.0.200.202301161003/tools/bin/../lib/gcc/arm-none-eabi/10.3.1/thumb/v7e-m/nofp/crtbegin.o
 .text          0x0000000008000178       0x10 /Applications/STM32CubeIDE.app/Contents/Eclipse/plugins/com.st.stm32cube.ide.mcu.externaltools.gnu-tools-for-stm32.10.3-2021.10.macos64_1.0.200.202301161003/tools/bin/../lib/gcc/arm-none-eabi/10.3.1/../../../../arm-none-eabi/lib/thumb/v7e-m/nofp/libc_nano.a(lib_a-strlen.o)
                0x0000000008000178                strlen
 .text          0x0000000008000188       0x30 /Applications/STM32CubeIDE.app/Contents/Eclipse/plugins/com.st.stm32cube.ide.mcu.externaltools.gnu-tools-for-stm32.10.3-2021.10.macos64_1.0.200.202301161003/tools/bin/../lib/gcc/arm-none-eabi/10.3.1/thumb/v7e-m/nofp/libgcc.a(_aeabi_uldivmod.o)
                0x0000000008000188                __aeabi_uldivmod
 .text          0x00000000080001b8      0x2d0 /Applications/STM32CubeIDE.app/Contents/Eclipse/plugins/com.st.stm32cube.ide.mcu.externaltools.gnu-tools-for-stm32.10.3-2021.10.macos64_1.0.200.202301161003/tools/bin/../lib/gcc/arm-none-eabi/10.3.1/thumb/v7e-m/nofp/libgcc.a(_udivmoddi4.o)
                0x00000000080001b8                __udivmoddi4
 .text          0x0000000008000488        0x4 /Applications/STM32CubeIDE.app/Contents/Eclipse/plugins/com.st.stm32cube.ide.mcu.externaltools.gnu-tools-for-stm32.10.3-2021.10.macos64_1.0.200.202301161003/tools/bin/../lib/gcc/arm-none-eabi/10.3.1/thumb/v7e-m/nofp/libgcc.a(_dvmd_tls.o)
                0x0000000008000488                __aeabi_ldiv0
                0x0000000008000488                __aeabi_idiv0
 *(.text*)
 .text.MX_DMA_Init
                0x000000000800048c       0x42 ./Application/User/Core/dma.o
                0x000000000800048c                MX_DMA_Init
 *fill*         0x00000000080004ce        0x2 
 .text.MX_GPIO_Init
                0x00000000080004d0       0xf0 ./Application/User/Core/gpio.o
                0x00000000080004d0                MX_GPIO_Init
 .text.Error_Handler
                0x00000000080005c0        0x4 ./Application/User/Core/main.o
                0x00000000080005c0                Error_Handler
 .text.SystemClock_Config
                0x00000000080005c4       0x8e ./Application/User/Core/main.o
                0x00000000080005c4                SystemClock_Config
 .text.main     0x0000000008000652       0x18 ./Application/User/Core/main.o
                0x0000000008000652                main
 *fill*         0x000000000800066a        0x2 
 .text.MX_RTC_Init
                0x000000000800066c       0x7c ./Application/User/Core/rtc.o
                0x000000000800066c                MX_RTC_Init
 .text.HAL_RTC_MspInit
                0x00000000080006e8       0x80 ./Application/User/Core/rtc.o
                0x00000000080006e8                HAL_RTC_MspInit
 .text.PWR_EnterOffMode
                0x0000000008000768        0x2 ./Application/User/Core/stm32_lpm_if.o
                0x0000000008000768                PWR_EnterOffMode
 .text.PWR_ExitOffMode
                0x000000000800076a        0x2 ./Application/User/Core/stm32_lpm_if.o
                0x000000000800076a                PWR_ExitOffMode
 .text.PWR_EnterStopMode
                0x000000000800076c       0x18 ./Application/User/Core/stm32_lpm_if.o
                0x000000000800076c                PWR_EnterStopMode
 .text.PWR_ExitSleepMode
                0x0000000008000784        0x8 ./Application/User/Core/stm32_lpm_if.o
                0x0000000008000784                PWR_ExitSleepMode
 .text.PWR_ExitStopMode
                0x000000000800078c        0xc ./Application/User/Core/stm32_lpm_if.o
                0x000000000800078c                PWR_ExitStopMode
 .text.PWR_EnterSleepMode
                0x0000000008000798       0x10 ./Application/User/Core/stm32_lpm_if.o
                0x0000000008000798                PWR_EnterSleepMode
 .text.HAL_MspInit
                0x00000000080007a8        0x2 ./Application/User/Core/stm32wlxx_hal_msp.o
                0x00000000080007a8                HAL_MspInit
 .text.NMI_Handler
                0x00000000080007aa        0x2 ./Application/User/Core/stm32wlxx_it.o
                0x00000000080007aa                NMI_Handler
 .text.HardFault_Handler
                0x00000000080007ac        0x2 ./Application/User/Core/stm32wlxx_it.o
                0x00000000080007ac                HardFault_Handler
 .text.MemManage_Handler
                0x00000000080007ae        0x2 ./Application/User/Core/stm32wlxx_it.o
                0x00000000080007ae                MemManage_Handler
 .text.BusFault_Handler
                0x00000000080007b0        0x2 ./Application/User/Core/stm32wlxx_it.o
                0x00000000080007b0                BusFault_Handler
 .text.UsageFault_Handler
                0x00000000080007b2        0x2 ./Application/User/Core/stm32wlxx_it.o
                0x00000000080007b2                UsageFault_Handler
 .text.SVC_Handler
                0x00000000080007b4        0x2 ./Application/User/Core/stm32wlxx_it.o
                0x00000000080007b4                SVC_Handler
 .text.DebugMon_Handler
                0x00000000080007b6        0x2 ./Application/User/Core/stm32wlxx_it.o
                0x00000000080007b6                DebugMon_Handler
 .text.PendSV_Handler
                0x00000000080007b8        0x2 ./Application/User/Core/stm32wlxx_it.o
                0x00000000080007b8                PendSV_Handler
 .text.SysTick_Handler
                0x00000000080007ba        0x2 ./Application/User/Core/stm32wlxx_it.o
                0x00000000080007ba                SysTick_Handler
 .text.TAMP_STAMP_LSECSS_SSRU_IRQHandler
                0x00000000080007bc       0x10 ./Application/User/Core/stm32wlxx_it.o
                0x00000000080007bc                TAMP_STAMP_LSECSS_SSRU_IRQHandler
 .text.EXTI0_IRQHandler
                0x00000000080007cc        0xa ./Application/User/Core/stm32wlxx_it.o
                0x00000000080007cc                EXTI0_IRQHandler
 .text.EXTI1_IRQHandler
                0x00000000080007d6        0xa ./Application/User/Core/stm32wlxx_it.o
                0x00000000080007d6                EXTI1_IRQHandler
 .text.DMA1_Channel5_IRQHandler
                0x00000000080007e0       0x10 ./Application/User/Core/stm32wlxx_it.o
                0x00000000080007e0                DMA1_Channel5_IRQHandler
 .text.EXTI9_5_IRQHandler
                0x00000000080007f0        0xa ./Application/User/Core/stm32wlxx_it.o
                0x00000000080007f0                EXTI9_5_IRQHandler
 *fill*         0x00000000080007fa        0x2 
 .text.USART2_IRQHandler
                0x00000000080007fc       0x10 ./Application/User/Core/stm32wlxx_it.o
                0x00000000080007fc                USART2_IRQHandler
 .text.RTC_Alarm_IRQHandler
                0x000000000800080c       0x10 ./Application/User/Core/stm32wlxx_it.o
                0x000000000800080c                RTC_Alarm_IRQHandler
 .text.SUBGHZ_Radio_IRQHandler
                0x000000000800081c       0x10 ./Application/User/Core/stm32wlxx_it.o
                0x000000000800081c                SUBGHZ_Radio_IRQHandler
 .text.MX_SUBGHZ_Init
                0x000000000800082c       0x1c ./Application/User/Core/subghz.o
                0x000000000800082c                MX_SUBGHZ_Init
 .text.HAL_SUBGHZ_MspInit
                0x0000000008000848       0x30 ./Application/User/Core/subghz.o
                0x0000000008000848                HAL_SUBGHZ_MspInit
 .text.tiny_snprintf_like
                0x0000000008000878       0x1c ./Application/User/Core/sys_app.o
 .text.TimestampNow
                0x0000000008000894       0x30 ./Application/User/Core/sys_app.o
 .text.SystemApp_Init
                0x00000000080008c4       0x44 ./Application/User/Core/sys_app.o
                0x00000000080008c4                SystemApp_Init
 .text.UTIL_SEQ_Idle
                0x0000000008000908        0x8 ./Application/User/Core/sys_app.o
                0x0000000008000908                UTIL_SEQ_Idle
 .text.UTIL_ADV_TRACE_PreSendHook
                0x0000000008000910        0xc ./Application/User/Core/sys_app.o
                0x0000000008000910                UTIL_ADV_TRACE_PreSendHook
 .text.UTIL_ADV_TRACE_PostSendHook
                0x000000000800091c        0xc ./Application/User/Core/sys_app.o
                0x000000000800091c                UTIL_ADV_TRACE_PostSendHook
 .text.HAL_InitTick
                0x0000000008000928        0x4 ./Application/User/Core/sys_app.o
                0x0000000008000928                HAL_InitTick
 .text.HAL_GetTick
                0x000000000800092c       0x18 ./Application/User/Core/sys_app.o
                0x000000000800092c                HAL_GetTick
 .text.HAL_Delay
                0x0000000008000944       0x12 ./Application/User/Core/sys_app.o
                0x0000000008000944                HAL_Delay
 *fill*         0x0000000008000956        0x2 
 .text.DBG_Init
                0x0000000008000958       0x88 ./Application/User/Core/sys_debug.o
                0x0000000008000958                DBG_Init
 .text.TIMER_IF_SetTimerContext
                0x00000000080009e0       0x24 ./Application/User/Core/timer_if.o
                0x00000000080009e0                TIMER_IF_SetTimerContext
 .text.TIMER_IF_GetTimerContext
                0x0000000008000a04        0xc ./Application/User/Core/timer_if.o
                0x0000000008000a04                TIMER_IF_GetTimerContext
 .text.TIMER_IF_GetTimerElapsedTime
                0x0000000008000a10       0x24 ./Application/User/Core/timer_if.o
                0x0000000008000a10                TIMER_IF_GetTimerElapsedTime
 .text.TIMER_IF_GetTimerValue
                0x0000000008000a34       0x28 ./Application/User/Core/timer_if.o
                0x0000000008000a34                TIMER_IF_GetTimerValue
 .text.TIMER_IF_GetMinimumTimeout
                0x0000000008000a5c        0x4 ./Application/User/Core/timer_if.o
                0x0000000008000a5c                TIMER_IF_GetMinimumTimeout
 .text.TIMER_IF_Convert_ms2Tick
                0x0000000008000a60       0x14 ./Application/User/Core/timer_if.o
                0x0000000008000a60                TIMER_IF_Convert_ms2Tick
 .text.TIMER_IF_Convert_Tick2ms
                0x0000000008000a74       0x28 ./Application/User/Core/timer_if.o
                0x0000000008000a74                TIMER_IF_Convert_Tick2ms
 .text.TIMER_IF_StopTimer
                0x0000000008000a9c       0x28 ./Application/User/Core/timer_if.o
                0x0000000008000a9c                TIMER_IF_StopTimer
 .text.TIMER_IF_BkUp_Write_MSBticks
                0x0000000008000ac4       0x14 ./Application/User/Core/timer_if.o
 .text.TIMER_IF_Init
                0x0000000008000ad8       0x48 ./Application/User/Core/timer_if.o
                0x0000000008000ad8                TIMER_IF_Init
 .text.TIMER_IF_BkUp_Write_Seconds
                0x0000000008000b20       0x14 ./Application/User/Core/timer_if.o
                0x0000000008000b20                TIMER_IF_BkUp_Write_Seconds
 .text.TIMER_IF_BkUp_Write_SubSeconds
                0x0000000008000b34       0x14 ./Application/User/Core/timer_if.o
                0x0000000008000b34                TIMER_IF_BkUp_Write_SubSeconds
 .text.TIMER_IF_StartTimer
                0x0000000008000b48       0x50 ./Application/User/Core/timer_if.o
                0x0000000008000b48                TIMER_IF_StartTimer
 .text.TIMER_IF_BkUp_Read_MSBticks
                0x0000000008000b98       0x10 ./Application/User/Core/timer_if.o
 .text.TIMER_IF_GetTime
                0x0000000008000ba8       0x38 ./Application/User/Core/timer_if.o
                0x0000000008000ba8                TIMER_IF_GetTime
 .text.TIMER_IF_BkUp_Read_Seconds
                0x0000000008000be0       0x10 ./Application/User/Core/timer_if.o
                0x0000000008000be0                TIMER_IF_BkUp_Read_Seconds
 .text.TIMER_IF_BkUp_Read_SubSeconds
                0x0000000008000bf0       0x10 ./Application/User/Core/timer_if.o
                0x0000000008000bf0                TIMER_IF_BkUp_Read_SubSeconds
 .text.TIMER_IF_DelayMs
                0x0000000008000c00       0x40 ./Application/User/Core/timer_if.o
                0x0000000008000c00                TIMER_IF_DelayMs
 .text.HAL_RTC_AlarmAEventCallback
                0x0000000008000c40        0x8 ./Application/User/Core/timer_if.o
                0x0000000008000c40                HAL_RTC_AlarmAEventCallback
 .text.HAL_RTCEx_SSRUEventCallback
                0x0000000008000c48        0xe ./Application/User/Core/timer_if.o
                0x0000000008000c48                HAL_RTCEx_SSRUEventCallback
 *fill*         0x0000000008000c56        0x2 
 .text.MX_USART2_UART_Init
                0x0000000008000c58       0x68 ./Application/User/Core/usart.o
                0x0000000008000c58                MX_USART2_UART_Init
 .text.HAL_UART_MspInit
                0x0000000008000cc0       0xe4 ./Application/User/Core/usart.o
                0x0000000008000cc0                HAL_UART_MspInit
 .text.HAL_UART_MspDeInit
                0x0000000008000da4       0x38 ./Application/User/Core/usart.o
                0x0000000008000da4                HAL_UART_MspDeInit
 .text.vcom_Init
                0x0000000008000ddc       0x28 ./Application/User/Core/usart_if.o
                0x0000000008000ddc                vcom_Init
 .text.vcom_DeInit
                0x0000000008000e04       0x2c ./Application/User/Core/usart_if.o
                0x0000000008000e04                vcom_DeInit
 .text.vcom_Trace_DMA
                0x0000000008000e30       0x14 ./Application/User/Core/usart_if.o
                0x0000000008000e30                vcom_Trace_DMA
 .text.vcom_ReceiveInit
                0x0000000008000e44       0x5c ./Application/User/Core/usart_if.o
                0x0000000008000e44                vcom_ReceiveInit
 .text.vcom_Resume
                0x0000000008000ea0       0x28 ./Application/User/Core/usart_if.o
                0x0000000008000ea0                vcom_Resume
 .text.HAL_UART_TxCpltCallback
                0x0000000008000ec8       0x20 ./Application/User/Core/usart_if.o
                0x0000000008000ec8                HAL_UART_TxCpltCallback
 .text.HAL_UART_RxCpltCallback
                0x0000000008000ee8       0x38 ./Application/User/Core/usart_if.o
                0x0000000008000ee8                HAL_UART_RxCpltCallback
 .text.Reset_Handler
                0x0000000008000f20       0x50 ./Application/User/Startup/startup_stm32wl55jcix.o
                0x0000000008000f20                Reset_Handler
 .text.Default_Handler
                0x0000000008000f70        0x2 ./Application/User/Startup/startup_stm32wl55jcix.o
                0x0000000008000f70                DMA2_Channel3_IRQHandler
                0x0000000008000f70                TIM1_CC_IRQHandler
                0x0000000008000f70                EXTI3_IRQHandler
                0x0000000008000f70                LPTIM2_IRQHandler
                0x0000000008000f70                I2C3_ER_IRQHandler
                0x0000000008000f70                LPTIM3_IRQHandler
                0x0000000008000f70                I2C2_EV_IRQHandler
                0x0000000008000f70                SPI1_IRQHandler
                0x0000000008000f70                DMA2_Channel2_IRQHandler
                0x0000000008000f70                DMA1_Channel4_IRQHandler
                0x0000000008000f70                PKA_IRQHandler
                0x0000000008000f70                TIM17_IRQHandler
                0x0000000008000f70                DMA1_Channel7_IRQHandler
                0x0000000008000f70                SUBGHZSPI_IRQHandler
                0x0000000008000f70                IPCC_C1_TX_IRQHandler
                0x0000000008000f70                DMA2_Channel1_IRQHandler
                0x0000000008000f70                I2C1_EV_IRQHandler
                0x0000000008000f70                DMAMUX1_OVR_IRQHandler
                0x0000000008000f70                DMA1_Channel6_IRQHandler
                0x0000000008000f70                TIM16_IRQHandler
                0x0000000008000f70                DMA2_Channel4_IRQHandler
                0x0000000008000f70                RCC_IRQHandler
                0x0000000008000f70                TIM1_TRG_COM_IRQHandler
                0x0000000008000f70                DMA1_Channel1_IRQHandler
                0x0000000008000f70                Default_Handler
                0x0000000008000f70                DMA2_Channel7_IRQHandler
                0x0000000008000f70                EXTI15_10_IRQHandler
                0x0000000008000f70                IPCC_C1_RX_IRQHandler
                0x0000000008000f70                ADC_IRQHandler
                0x0000000008000f70                C2SEV_PWR_C2H_IRQHandler
                0x0000000008000f70                I2C3_EV_IRQHandler
                0x0000000008000f70                RTC_WKUP_IRQHandler
                0x0000000008000f70                PVD_PVM_IRQHandler
                0x0000000008000f70                SPI2_IRQHandler
                0x0000000008000f70                DMA2_Channel5_IRQHandler
                0x0000000008000f70                EXTI4_IRQHandler
                0x0000000008000f70                RNG_IRQHandler
                0x0000000008000f70                DMA1_Channel3_IRQHandler
                0x0000000008000f70                COMP_IRQHandler
                0x0000000008000f70                HSEM_IRQHandler
                0x0000000008000f70                TIM1_UP_IRQHandler
                0x0000000008000f70                WWDG_IRQHandler
                0x0000000008000f70                LPUART1_IRQHandler
                0x0000000008000f70                DMA2_Channel6_IRQHandler
                0x0000000008000f70                TIM2_IRQHandler
                0x0000000008000f70                TIM1_BRK_IRQHandler
                0x0000000008000f70                DAC_IRQHandler
                0x0000000008000f70                AES_IRQHandler
                0x0000000008000f70                I2C2_ER_IRQHandler
                0x0000000008000f70                DMA1_Channel2_IRQHandler
                0x0000000008000f70                FLASH_IRQHandler
                0x0000000008000f70                USART1_IRQHandler
                0x0000000008000f70                I2C1_ER_IRQHandler
                0x0000000008000f70                LPTIM1_IRQHandler
                0x0000000008000f70                EXTI2_IRQHandler
 .text.MX_SubGHz_Phy_Init
                0x0000000008000f72        0xc ./Application/User/SubGHz_Phy/App/app_subghz_phy.o
                0x0000000008000f72                MX_SubGHz_Phy_Init
 .text.MX_SubGHz_Phy_Process
                0x0000000008000f7e        0xc ./Application/User/SubGHz_Phy/App/app_subghz_phy.o
                0x0000000008000f7e                MX_SubGHz_Phy_Process
 *fill*         0x0000000008000f8a        0x2 
 .text.tx_payload_generator
                0x0000000008000f8c       0xa4 ./Application/User/SubGHz_Phy/App/subghz_phy_app.o
 .text.Per_Process
                0x0000000008001030       0xdc ./Application/User/SubGHz_Phy/App/subghz_phy_app.o
 .text.OnRxError
                0x000000000800110c       0x14 ./Application/User/SubGHz_Phy/App/subghz_phy_app.o
 .text.OnRxTimeout
                0x0000000008001120       0x14 ./Application/User/SubGHz_Phy/App/subghz_phy_app.o
 .text.OnTxTimeout
                0x0000000008001134       0x14 ./Application/User/SubGHz_Phy/App/subghz_phy_app.o
 .text.OnTxDone
                0x0000000008001148       0x14 ./Application/User/SubGHz_Phy/App/subghz_phy_app.o
 .text.OnRxDone
                0x000000000800115c       0x40 ./Application/User/SubGHz_Phy/App/subghz_phy_app.o
 .text.SubghzApp_Init
                0x000000000800119c      0x168 ./Application/User/SubGHz_Phy/App/subghz_phy_app.o
                0x000000000800119c                SubghzApp_Init
 .text.HAL_GPIO_EXTI_Callback
                0x0000000008001304       0xc4 ./Application/User/SubGHz_Phy/App/subghz_phy_app.o
                0x0000000008001304                HAL_GPIO_EXTI_Callback
 .text.RBI_Init
                0x00000000080013c8        0x8 ./Application/User/SubGHz_Phy/Target/radio_board_if.o
                0x00000000080013c8                RBI_Init
 .text.RBI_ConfigRFSwitch
                0x00000000080013d0        0x8 ./Application/User/SubGHz_Phy/Target/radio_board_if.o
                0x00000000080013d0                RBI_ConfigRFSwitch
 .text.RBI_GetTxConfig
                0x00000000080013d8        0x8 ./Application/User/SubGHz_Phy/Target/radio_board_if.o
                0x00000000080013d8                RBI_GetTxConfig
 .text.RBI_IsTCXO
                0x00000000080013e0        0x8 ./Application/User/SubGHz_Phy/Target/radio_board_if.o
                0x00000000080013e0                RBI_IsTCXO
 .text.RBI_IsDCDC
                0x00000000080013e8        0x8 ./Application/User/SubGHz_Phy/Target/radio_board_if.o
                0x00000000080013e8                RBI_IsDCDC
 .text.RBI_GetRFOMaxPowerConfig
                0x00000000080013f0        0x8 ./Application/User/SubGHz_Phy/Target/radio_board_if.o
                0x00000000080013f0                RBI_GetRFOMaxPowerConfig
 .text.BSP_RADIO_Init
                0x00000000080013f8       0x84 ./Drivers/BSP/STM32WLxx_Nucleo/stm32wlxx_nucleo_radio.o
                0x00000000080013f8                BSP_RADIO_Init
 .text.BSP_RADIO_ConfigRFSwitch
                0x000000000800147c       0x9c ./Drivers/BSP/STM32WLxx_Nucleo/stm32wlxx_nucleo_radio.o
                0x000000000800147c                BSP_RADIO_ConfigRFSwitch
 .text.BSP_RADIO_GetTxConfig
                0x0000000008001518        0x4 ./Drivers/BSP/STM32WLxx_Nucleo/stm32wlxx_nucleo_radio.o
                0x0000000008001518                BSP_RADIO_GetTxConfig
 .text.BSP_RADIO_IsTCXO
                0x000000000800151c        0x4 ./Drivers/BSP/STM32WLxx_Nucleo/stm32wlxx_nucleo_radio.o
                0x000000000800151c                BSP_RADIO_IsTCXO
 .text.BSP_RADIO_IsDCDC
                0x0000000008001520        0x4 ./Drivers/BSP/STM32WLxx_Nucleo/stm32wlxx_nucleo_radio.o
                0x0000000008001520                BSP_RADIO_IsDCDC
 .text.BSP_RADIO_GetRFOMaxPowerConfig
                0x0000000008001524        0xa ./Drivers/BSP/STM32WLxx_Nucleo/stm32wlxx_nucleo_radio.o
                0x0000000008001524                BSP_RADIO_GetRFOMaxPowerConfig
 .text.SystemInit
                0x000000000800152e        0x2 ./Drivers/CMSIS/system_stm32wlxx.o
                0x000000000800152e                SystemInit
 .text.HAL_Init
                0x0000000008001530       0x2c ./Drivers/STM32WLxx_HAL_Driver/stm32wlxx_hal.o
                0x0000000008001530                HAL_Init
 .text.HAL_SuspendTick
                0x000000000800155c        0xe ./Drivers/STM32WLxx_HAL_Driver/stm32wlxx_hal.o
                0x000000000800155c                HAL_SuspendTick
 .text.HAL_ResumeTick
                0x000000000800156a        0xe ./Drivers/STM32WLxx_HAL_Driver/stm32wlxx_hal.o
                0x000000000800156a                HAL_ResumeTick
 .text.HAL_DBGMCU_DisableDBGSleepMode
                0x0000000008001578       0x10 ./Drivers/STM32WLxx_HAL_Driver/stm32wlxx_hal.o
                0x0000000008001578                HAL_DBGMCU_DisableDBGSleepMode
 .text.HAL_DBGMCU_DisableDBGStopMode
                0x0000000008001588       0x10 ./Drivers/STM32WLxx_HAL_Driver/stm32wlxx_hal.o
                0x0000000008001588                HAL_DBGMCU_DisableDBGStopMode
 .text.HAL_DBGMCU_DisableDBGStandbyMode
                0x0000000008001598       0x10 ./Drivers/STM32WLxx_HAL_Driver/stm32wlxx_hal.o
                0x0000000008001598                HAL_DBGMCU_DisableDBGStandbyMode
 .text.HAL_NVIC_SetPriorityGrouping
                0x00000000080015a8       0x24 ./Drivers/STM32WLxx_HAL_Driver/stm32wlxx_hal_cortex.o
                0x00000000080015a8                HAL_NVIC_SetPriorityGrouping
 .text.HAL_NVIC_SetPriority
                0x00000000080015cc       0x70 ./Drivers/STM32WLxx_HAL_Driver/stm32wlxx_hal_cortex.o
                0x00000000080015cc                HAL_NVIC_SetPriority
 .text.HAL_NVIC_EnableIRQ
                0x000000000800163c       0x1c ./Drivers/STM32WLxx_HAL_Driver/stm32wlxx_hal_cortex.o
                0x000000000800163c                HAL_NVIC_EnableIRQ
 .text.HAL_NVIC_DisableIRQ
                0x0000000008001658       0x24 ./Drivers/STM32WLxx_HAL_Driver/stm32wlxx_hal_cortex.o
                0x0000000008001658                HAL_NVIC_DisableIRQ
 .text.DMA_SetConfig
                0x000000000800167c       0x4e ./Drivers/STM32WLxx_HAL_Driver/stm32wlxx_hal_dma.o
 *fill*         0x00000000080016ca        0x2 
 .text.DMA_CalcDMAMUXChannelBaseAndMask
                0x00000000080016cc       0x64 ./Drivers/STM32WLxx_HAL_Driver/stm32wlxx_hal_dma.o
 .text.DMA_CalcDMAMUXRequestGenBaseAndMask
                0x0000000008001730       0x2c ./Drivers/STM32WLxx_HAL_Driver/stm32wlxx_hal_dma.o
 .text.HAL_DMA_Init
                0x000000000800175c       0xe4 ./Drivers/STM32WLxx_HAL_Driver/stm32wlxx_hal_dma.o
                0x000000000800175c                HAL_DMA_Init
 .text.HAL_DMA_DeInit
                0x0000000008001840       0xb8 ./Drivers/STM32WLxx_HAL_Driver/stm32wlxx_hal_dma.o
                0x0000000008001840                HAL_DMA_DeInit
 .text.HAL_DMA_Start_IT
                0x00000000080018f8       0x98 ./Drivers/STM32WLxx_HAL_Driver/stm32wlxx_hal_dma.o
                0x00000000080018f8                HAL_DMA_Start_IT
 .text.HAL_DMA_Abort
                0x0000000008001990       0x74 ./Drivers/STM32WLxx_HAL_Driver/stm32wlxx_hal_dma.o
                0x0000000008001990                HAL_DMA_Abort
 .text.HAL_DMA_Abort_IT
                0x0000000008001a04       0x72 ./Drivers/STM32WLxx_HAL_Driver/stm32wlxx_hal_dma.o
                0x0000000008001a04                HAL_DMA_Abort_IT
 *fill*         0x0000000008001a76        0x2 
 .text.HAL_DMA_IRQHandler
                0x0000000008001a78       0xe8 ./Drivers/STM32WLxx_HAL_Driver/stm32wlxx_hal_dma.o
                0x0000000008001a78                HAL_DMA_IRQHandler
 .text.HAL_DMA_ConfigChannelAttributes
                0x0000000008001b60       0x26 ./Drivers/STM32WLxx_HAL_Driver/stm32wlxx_hal_dma.o
                0x0000000008001b60                HAL_DMA_ConfigChannelAttributes
 *fill*         0x0000000008001b86        0x2 
 .text.HAL_GPIO_Init
                0x0000000008001b88      0x1a4 ./Drivers/STM32WLxx_HAL_Driver/stm32wlxx_hal_gpio.o
                0x0000000008001b88                HAL_GPIO_Init
 .text.HAL_GPIO_DeInit
                0x0000000008001d2c       0xfc ./Drivers/STM32WLxx_HAL_Driver/stm32wlxx_hal_gpio.o
                0x0000000008001d2c                HAL_GPIO_DeInit
 .text.HAL_GPIO_WritePin
                0x0000000008001e28        0xa ./Drivers/STM32WLxx_HAL_Driver/stm32wlxx_hal_gpio.o
                0x0000000008001e28                HAL_GPIO_WritePin
 *fill*         0x0000000008001e32        0x2 
 .text.HAL_GPIO_EXTI_IRQHandler
                0x0000000008001e34       0x1c ./Drivers/STM32WLxx_HAL_Driver/stm32wlxx_hal_gpio.o
                0x0000000008001e34                HAL_GPIO_EXTI_IRQHandler
 .text.HAL_PWR_EnableBkUpAccess
                0x0000000008001e50       0x10 ./Drivers/STM32WLxx_HAL_Driver/stm32wlxx_hal_pwr.o
                0x0000000008001e50                HAL_PWR_EnableBkUpAccess
 .text.HAL_PWR_EnterSLEEPMode
                0x0000000008001e60       0x4c ./Drivers/STM32WLxx_HAL_Driver/stm32wlxx_hal_pwr.o
                0x0000000008001e60                HAL_PWR_EnterSLEEPMode
 .text.HAL_PWREx_GetVoltageRange
                0x0000000008001eac       0x10 ./Drivers/STM32WLxx_HAL_Driver/stm32wlxx_hal_pwr_ex.o
                0x0000000008001eac                HAL_PWREx_GetVoltageRange
 .text.HAL_PWREx_EnableLowPowerRunMode
                0x0000000008001ebc       0x10 ./Drivers/STM32WLxx_HAL_Driver/stm32wlxx_hal_pwr_ex.o
                0x0000000008001ebc                HAL_PWREx_EnableLowPowerRunMode
 .text.HAL_PWREx_DisableLowPowerRunMode
                0x0000000008001ecc       0x4c ./Drivers/STM32WLxx_HAL_Driver/stm32wlxx_hal_pwr_ex.o
                0x0000000008001ecc                HAL_PWREx_DisableLowPowerRunMode
 .text.HAL_PWREx_EnterSTOP2Mode
                0x0000000008001f18       0x3c ./Drivers/STM32WLxx_HAL_Driver/stm32wlxx_hal_pwr_ex.o
                0x0000000008001f18                HAL_PWREx_EnterSTOP2Mode
 .text.RCC_SetFlashLatency
                0x0000000008001f54       0xbc ./Drivers/STM32WLxx_HAL_Driver/stm32wlxx_hal_rcc.o
 .text.RCC_SetFlashLatencyFromMSIRange
                0x0000000008002010       0x44 ./Drivers/STM32WLxx_HAL_Driver/stm32wlxx_hal_rcc.o
 .text.HAL_RCC_GetSysClockFreq
                0x0000000008002054      0x110 ./Drivers/STM32WLxx_HAL_Driver/stm32wlxx_hal_rcc.o
                0x0000000008002054                HAL_RCC_GetSysClockFreq
 .text.HAL_RCC_GetHCLKFreq
                0x0000000008002164       0x20 ./Drivers/STM32WLxx_HAL_Driver/stm32wlxx_hal_rcc.o
                0x0000000008002164                HAL_RCC_GetHCLKFreq
 .text.HAL_RCC_OscConfig
                0x0000000008002184      0x664 ./Drivers/STM32WLxx_HAL_Driver/stm32wlxx_hal_rcc.o
                0x0000000008002184                HAL_RCC_OscConfig
 .text.HAL_RCC_ClockConfig
                0x00000000080027e8      0x268 ./Drivers/STM32WLxx_HAL_Driver/stm32wlxx_hal_rcc.o
                0x00000000080027e8                HAL_RCC_ClockConfig
 .text.HAL_RCC_GetPCLK1Freq
                0x0000000008002a50       0x20 ./Drivers/STM32WLxx_HAL_Driver/stm32wlxx_hal_rcc.o
                0x0000000008002a50                HAL_RCC_GetPCLK1Freq
 .text.HAL_RCC_GetPCLK2Freq
                0x0000000008002a70       0x20 ./Drivers/STM32WLxx_HAL_Driver/stm32wlxx_hal_rcc.o
                0x0000000008002a70                HAL_RCC_GetPCLK2Freq
 .text.HAL_RCCEx_PeriphCLKConfig
                0x0000000008002a90      0x294 ./Drivers/STM32WLxx_HAL_Driver/stm32wlxx_hal_rcc_ex.o
                0x0000000008002a90                HAL_RCCEx_PeriphCLKConfig
 .text.HAL_RTC_DeactivateAlarm
                0x0000000008002d24       0x80 ./Drivers/STM32WLxx_HAL_Driver/stm32wlxx_hal_rtc.o
                0x0000000008002d24                HAL_RTC_DeactivateAlarm
 .text.HAL_RTC_AlarmIRQHandler
                0x0000000008002da4       0x40 ./Drivers/STM32WLxx_HAL_Driver/stm32wlxx_hal_rtc.o
                0x0000000008002da4                HAL_RTC_AlarmIRQHandler
 .text.HAL_RTC_WaitForSynchro
                0x0000000008002de4       0x34 ./Drivers/STM32WLxx_HAL_Driver/stm32wlxx_hal_rtc.o
                0x0000000008002de4                HAL_RTC_WaitForSynchro
 .text.RTC_EnterInitMode
                0x0000000008002e18       0x4c ./Drivers/STM32WLxx_HAL_Driver/stm32wlxx_hal_rtc.o
                0x0000000008002e18                RTC_EnterInitMode
 .text.RTC_ExitInitMode
                0x0000000008002e64       0x50 ./Drivers/STM32WLxx_HAL_Driver/stm32wlxx_hal_rtc.o
                0x0000000008002e64                RTC_ExitInitMode
 .text.HAL_RTC_Init
                0x0000000008002eb4       0xb4 ./Drivers/STM32WLxx_HAL_Driver/stm32wlxx_hal_rtc.o
                0x0000000008002eb4                HAL_RTC_Init
 .text.RTC_ByteToBcd2
                0x0000000008002f68       0x16 ./Drivers/STM32WLxx_HAL_Driver/stm32wlxx_hal_rtc.o
                0x0000000008002f68                RTC_ByteToBcd2
 *fill*         0x0000000008002f7e        0x2 
 .text.HAL_RTC_SetAlarm_IT
                0x0000000008002f80      0x178 ./Drivers/STM32WLxx_HAL_Driver/stm32wlxx_hal_rtc.o
                0x0000000008002f80                HAL_RTC_SetAlarm_IT
 .text.HAL_RTCEx_EnableBypassShadow
                0x00000000080030f8       0x40 ./Drivers/STM32WLxx_HAL_Driver/stm32wlxx_hal_rtc_ex.o
                0x00000000080030f8                HAL_RTCEx_EnableBypassShadow
 .text.HAL_RTCEx_SetSSRU_IT
                0x0000000008003138       0x58 ./Drivers/STM32WLxx_HAL_Driver/stm32wlxx_hal_rtc_ex.o
                0x0000000008003138                HAL_RTCEx_SetSSRU_IT
 .text.HAL_RTCEx_SSRUIRQHandler
                0x0000000008003190       0x28 ./Drivers/STM32WLxx_HAL_Driver/stm32wlxx_hal_rtc_ex.o
                0x0000000008003190                HAL_RTCEx_SSRUIRQHandler
 .text.HAL_RTCEx_AlarmBEventCallback
                0x00000000080031b8        0x2 ./Drivers/STM32WLxx_HAL_Driver/stm32wlxx_hal_rtc_ex.o
                0x00000000080031b8                HAL_RTCEx_AlarmBEventCallback
 .text.HAL_RTCEx_BKUPWrite
                0x00000000080031ba        0xe ./Drivers/STM32WLxx_HAL_Driver/stm32wlxx_hal_rtc_ex.o
                0x00000000080031ba                HAL_RTCEx_BKUPWrite
 .text.HAL_RTCEx_BKUPRead
                0x00000000080031c8        0xe ./Drivers/STM32WLxx_HAL_Driver/stm32wlxx_hal_rtc_ex.o
                0x00000000080031c8                HAL_RTCEx_BKUPRead
 *fill*         0x00000000080031d6        0x2 
 .text.SUBGHZSPI_Init
                0x00000000080031d8       0x24 ./Drivers/STM32WLxx_HAL_Driver/stm32wlxx_hal_subghz.o
                0x00000000080031d8                SUBGHZSPI_Init
 .text.HAL_SUBGHZ_Init
                0x00000000080031fc       0xcc ./Drivers/STM32WLxx_HAL_Driver/stm32wlxx_hal_subghz.o
                0x00000000080031fc                HAL_SUBGHZ_Init
 .text.SUBGHZSPI_Transmit
                0x00000000080032c8       0x78 ./Drivers/STM32WLxx_HAL_Driver/stm32wlxx_hal_subghz.o
                0x00000000080032c8                SUBGHZSPI_Transmit
 .text.SUBGHZSPI_Receive
                0x0000000008003340       0x80 ./Drivers/STM32WLxx_HAL_Driver/stm32wlxx_hal_subghz.o
                0x0000000008003340                SUBGHZSPI_Receive
 .text.SUBGHZ_WaitOnBusy
                0x00000000080033c0       0x58 ./Drivers/STM32WLxx_HAL_Driver/stm32wlxx_hal_subghz.o
                0x00000000080033c0                SUBGHZ_WaitOnBusy
 .text.SUBGHZ_CheckDeviceReady
                0x0000000008003418       0x54 ./Drivers/STM32WLxx_HAL_Driver/stm32wlxx_hal_subghz.o
                0x0000000008003418                SUBGHZ_CheckDeviceReady
 .text.HAL_SUBGHZ_WriteRegisters
                0x000000000800346c       0xa0 ./Drivers/STM32WLxx_HAL_Driver/stm32wlxx_hal_subghz.o
                0x000000000800346c                HAL_SUBGHZ_WriteRegisters
 .text.HAL_SUBGHZ_ReadRegisters
                0x000000000800350c       0xa8 ./Drivers/STM32WLxx_HAL_Driver/stm32wlxx_hal_subghz.o
                0x000000000800350c                HAL_SUBGHZ_ReadRegisters
 .text.HAL_SUBGHZ_ExecSetCmd
                0x00000000080035b4       0xac ./Drivers/STM32WLxx_HAL_Driver/stm32wlxx_hal_subghz.o
                0x00000000080035b4                HAL_SUBGHZ_ExecSetCmd
 .text.HAL_SUBGHZ_ExecGetCmd
                0x0000000008003660       0x98 ./Drivers/STM32WLxx_HAL_Driver/stm32wlxx_hal_subghz.o
                0x0000000008003660                HAL_SUBGHZ_ExecGetCmd
 .text.HAL_SUBGHZ_IRQHandler
                0x00000000080036f8       0xce ./Drivers/STM32WLxx_HAL_Driver/stm32wlxx_hal_subghz.o
                0x00000000080036f8                HAL_SUBGHZ_IRQHandler
 *fill*         0x00000000080037c6        0x2 
 .text.HAL_SUBGHZ_WriteBuffer
                0x00000000080037c8       0x94 ./Drivers/STM32WLxx_HAL_Driver/stm32wlxx_hal_subghz.o
                0x00000000080037c8                HAL_SUBGHZ_WriteBuffer
 .text.HAL_SUBGHZ_ReadBuffer
                0x000000000800385c       0xa0 ./Drivers/STM32WLxx_HAL_Driver/stm32wlxx_hal_subghz.o
                0x000000000800385c                HAL_SUBGHZ_ReadBuffer
 .text.UART_EndTxTransfer
                0x00000000080038fc       0x32 ./Drivers/STM32WLxx_HAL_Driver/stm32wlxx_hal_uart.o
 .text.UART_EndRxTransfer
                0x000000000800392e       0x56 ./Drivers/STM32WLxx_HAL_Driver/stm32wlxx_hal_uart.o
 .text.HAL_UART_Transmit_DMA
                0x0000000008003984       0xa0 ./Drivers/STM32WLxx_HAL_Driver/stm32wlxx_hal_uart.o
                0x0000000008003984                HAL_UART_Transmit_DMA
 .text.UART_DMATransmitCplt
                0x0000000008003a24       0x48 ./Drivers/STM32WLxx_HAL_Driver/stm32wlxx_hal_uart.o
 .text.UART_EndTransmit_IT
                0x0000000008003a6c       0x24 ./Drivers/STM32WLxx_HAL_Driver/stm32wlxx_hal_uart.o
 .text.HAL_UART_TxHalfCpltCallback
                0x0000000008003a90        0x2 ./Drivers/STM32WLxx_HAL_Driver/stm32wlxx_hal_uart.o
                0x0000000008003a90                HAL_UART_TxHalfCpltCallback
 .text.UART_DMATxHalfCplt
                0x0000000008003a92        0xa ./Drivers/STM32WLxx_HAL_Driver/stm32wlxx_hal_uart.o
 .text.HAL_UART_ErrorCallback
                0x0000000008003a9c        0x2 ./Drivers/STM32WLxx_HAL_Driver/stm32wlxx_hal_uart.o
                0x0000000008003a9c                HAL_UART_ErrorCallback
 .text.UART_DMAError
                0x0000000008003a9e       0x58 ./Drivers/STM32WLxx_HAL_Driver/stm32wlxx_hal_uart.o
 .text.UART_DMAAbortOnError
                0x0000000008003af6       0x14 ./Drivers/STM32WLxx_HAL_Driver/stm32wlxx_hal_uart.o
 .text.HAL_UARTEx_RxEventCallback
                0x0000000008003b0a        0x2 ./Drivers/STM32WLxx_HAL_Driver/stm32wlxx_hal_uart.o
                0x0000000008003b0a                HAL_UARTEx_RxEventCallback
 .text.HAL_UART_IRQHandler
                0x0000000008003b0c      0x348 ./Drivers/STM32WLxx_HAL_Driver/stm32wlxx_hal_uart.o
                0x0000000008003b0c                HAL_UART_IRQHandler
 .text.UART_RxISR_8BIT
                0x0000000008003e54       0xdc ./Drivers/STM32WLxx_HAL_Driver/stm32wlxx_hal_uart.o
 .text.UART_RxISR_16BIT
                0x0000000008003f30       0xd8 ./Drivers/STM32WLxx_HAL_Driver/stm32wlxx_hal_uart.o
 .text.UART_RxISR_8BIT_FIFOEN
                0x0000000008004008      0x1cc ./Drivers/STM32WLxx_HAL_Driver/stm32wlxx_hal_uart.o
 .text.UART_RxISR_16BIT_FIFOEN
                0x00000000080041d4      0x1c8 ./Drivers/STM32WLxx_HAL_Driver/stm32wlxx_hal_uart.o
 .text.UART_SetConfig
                0x000000000800439c      0x2cc ./Drivers/STM32WLxx_HAL_Driver/stm32wlxx_hal_uart.o
                0x000000000800439c                UART_SetConfig
 .text.UART_AdvFeatureConfig
                0x0000000008004668       0xca ./Drivers/STM32WLxx_HAL_Driver/stm32wlxx_hal_uart.o
                0x0000000008004668                UART_AdvFeatureConfig
 .text.UART_WaitOnFlagUntilTimeout
                0x0000000008004732       0xdc ./Drivers/STM32WLxx_HAL_Driver/stm32wlxx_hal_uart.o
                0x0000000008004732                UART_WaitOnFlagUntilTimeout
 .text.UART_CheckIdleState
                0x000000000800480e       0x76 ./Drivers/STM32WLxx_HAL_Driver/stm32wlxx_hal_uart.o
                0x000000000800480e                UART_CheckIdleState
 .text.HAL_UART_Init
                0x0000000008004884       0x66 ./Drivers/STM32WLxx_HAL_Driver/stm32wlxx_hal_uart.o
                0x0000000008004884                HAL_UART_Init
 *fill*         0x00000000080048ea        0x2 
 .text.UART_Start_Receive_IT
                0x00000000080048ec      0x13c ./Drivers/STM32WLxx_HAL_Driver/stm32wlxx_hal_uart.o
                0x00000000080048ec                UART_Start_Receive_IT
 .text.HAL_UART_Receive_IT
                0x0000000008004a28       0x4c ./Drivers/STM32WLxx_HAL_Driver/stm32wlxx_hal_uart.o
                0x0000000008004a28                HAL_UART_Receive_IT
 .text.UARTEx_Wakeup_AddressConfig
                0x0000000008004a74       0x2e ./Drivers/STM32WLxx_HAL_Driver/stm32wlxx_hal_uart_ex.o
 *fill*         0x0000000008004aa2        0x2 
 .text.UARTEx_SetNbDataToProcess
                0x0000000008004aa4       0x4c ./Drivers/STM32WLxx_HAL_Driver/stm32wlxx_hal_uart_ex.o
 .text.HAL_UARTEx_WakeupCallback
                0x0000000008004af0        0x2 ./Drivers/STM32WLxx_HAL_Driver/stm32wlxx_hal_uart_ex.o
                0x0000000008004af0                HAL_UARTEx_WakeupCallback
 .text.HAL_UARTEx_RxFifoFullCallback
                0x0000000008004af2        0x2 ./Drivers/STM32WLxx_HAL_Driver/stm32wlxx_hal_uart_ex.o
                0x0000000008004af2                HAL_UARTEx_RxFifoFullCallback
 .text.HAL_UARTEx_TxFifoEmptyCallback
                0x0000000008004af4        0x2 ./Drivers/STM32WLxx_HAL_Driver/stm32wlxx_hal_uart_ex.o
                0x0000000008004af4                HAL_UARTEx_TxFifoEmptyCallback
 .text.HAL_UARTEx_StopModeWakeUpSourceConfig
                0x0000000008004af6       0x82 ./Drivers/STM32WLxx_HAL_Driver/stm32wlxx_hal_uart_ex.o
                0x0000000008004af6                HAL_UARTEx_StopModeWakeUpSourceConfig
 .text.HAL_UARTEx_EnableStopMode
                0x0000000008004b78       0x2e ./Drivers/STM32WLxx_HAL_Driver/stm32wlxx_hal_uart_ex.o
                0x0000000008004b78                HAL_UARTEx_EnableStopMode
 .text.HAL_UARTEx_EnableFifoMode
                0x0000000008004ba6       0x48 ./Drivers/STM32WLxx_HAL_Driver/stm32wlxx_hal_uart_ex.o
                0x0000000008004ba6                HAL_UARTEx_EnableFifoMode
 .text.HAL_UARTEx_SetTxFifoThreshold
                0x0000000008004bee       0x4a ./Drivers/STM32WLxx_HAL_Driver/stm32wlxx_hal_uart_ex.o
                0x0000000008004bee                HAL_UARTEx_SetTxFifoThreshold
 .text.HAL_UARTEx_SetRxFifoThreshold
                0x0000000008004c38       0x4a ./Drivers/STM32WLxx_HAL_Driver/stm32wlxx_hal_uart_ex.o
                0x0000000008004c38                HAL_UARTEx_SetRxFifoThreshold
 .text.RadioCheckRfFrequency
                0x0000000008004c82        0x4 ./Middlewares/SubGHz_Phy/radio.o
 *fill*         0x0000000008004c86        0x2 
 .text.RadioGetLoRaBandwidthInHz
                0x0000000008004c88       0x5c ./Middlewares/SubGHz_Phy/radio.o
 .text.RadioGetGfskTimeOnAirNumerator
                0x0000000008004ce4       0x26 ./Middlewares/SubGHz_Phy/radio.o
 .text.RadioGetLoRaTimeOnAirNumerator
                0x0000000008004d0a       0xa6 ./Middlewares/SubGHz_Phy/radio.o
 .text.RadioTimeOnAir
                0x0000000008004db0       0x74 ./Middlewares/SubGHz_Phy/radio.o
 .text.RadioOnTxTimeoutProcess
                0x0000000008004e24       0x20 ./Middlewares/SubGHz_Phy/radio.o
 .text.RadioOnTxTimeoutIrq
                0x0000000008004e44        0x8 ./Middlewares/SubGHz_Phy/radio.o
 .text.RadioOnRxTimeoutProcess
                0x0000000008004e4c       0x20 ./Middlewares/SubGHz_Phy/radio.o
 .text.RadioOnRxTimeoutIrq
                0x0000000008004e6c        0x8 ./Middlewares/SubGHz_Phy/radio.o
 .text.payload_integration
                0x0000000008004e74       0xae ./Middlewares/SubGHz_Phy/radio.o
 .text.RadioLrFhssSetCfg
                0x0000000008004f22        0x4 ./Middlewares/SubGHz_Phy/radio.o
 .text.RadioLrFhssGetTimeOnAirInMs
                0x0000000008004f26        0x4 ./Middlewares/SubGHz_Phy/radio.o
 *fill*         0x0000000008004f2a        0x2 
 .text.RadioSetMaxPayloadLength
                0x0000000008004f2c       0x38 ./Middlewares/SubGHz_Phy/radio.o
 .text.RadioRead
                0x0000000008004f64        0x8 ./Middlewares/SubGHz_Phy/radio.o
 .text.RadioWrite
                0x0000000008004f6c        0x8 ./Middlewares/SubGHz_Phy/radio.o
 .text.RadioTxCw
                0x0000000008004f74       0x20 ./Middlewares/SubGHz_Phy/radio.o
 .text.RadioTxPrbs
                0x0000000008004f94       0x2c ./Middlewares/SubGHz_Phy/radio.o
 .text.RadioSetRxDutyCycle
                0x0000000008004fc0       0x34 ./Middlewares/SubGHz_Phy/radio.o
 .text.RadioRxBoosted
                0x0000000008004ff4       0x70 ./Middlewares/SubGHz_Phy/radio.o
 .text.RadioStandby
                0x0000000008005064        0xa ./Middlewares/SubGHz_Phy/radio.o
 .text.RadioGetStatus
                0x000000000800506e       0x22 ./Middlewares/SubGHz_Phy/radio.o
 .text.RadioIrqProcess
                0x0000000008005090      0x348 ./Middlewares/SubGHz_Phy/radio.o
 .text.RadioOnDioIrq
                0x00000000080053d8       0x14 ./Middlewares/SubGHz_Phy/radio.o
 .text.RadioGetWakeupTime
                0x00000000080053ec        0xa ./Middlewares/SubGHz_Phy/radio.o
 .text.RadioReadRegisters
                0x00000000080053f6        0x8 ./Middlewares/SubGHz_Phy/radio.o
 .text.RadioWriteRegisters
                0x00000000080053fe        0x8 ./Middlewares/SubGHz_Phy/radio.o
 .text.RadioRssi
                0x0000000008005406        0xa ./Middlewares/SubGHz_Phy/radio.o
 .text.RadioSetTxContinuousWave
                0x0000000008005410       0x44 ./Middlewares/SubGHz_Phy/radio.o
 .text.RadioSetChannel
                0x0000000008005454        0x8 ./Middlewares/SubGHz_Phy/radio.o
 .text.RadioStartCad
                0x000000000800545c       0x28 ./Middlewares/SubGHz_Phy/radio.o
 .text.RadioRx  0x0000000008005484       0x70 ./Middlewares/SubGHz_Phy/radio.o
 .text.RadioSleep
                0x00000000080054f4       0x12 ./Middlewares/SubGHz_Phy/radio.o
 *fill*         0x0000000008005506        0x2 
 .text.RadioSend
                0x0000000008005508      0x1a4 ./Middlewares/SubGHz_Phy/radio.o
 .text.RadioRandom
                0x00000000080056ac       0x14 ./Middlewares/SubGHz_Phy/radio.o
 .text.RadioSetModem
                0x00000000080056c0       0x7c ./Middlewares/SubGHz_Phy/radio.o
 .text.RadioSetTxGenericConfig
                0x000000000800573c      0x310 ./Middlewares/SubGHz_Phy/radio.o
 .text.RadioSetRxGenericConfig
                0x0000000008005a4c      0x27c ./Middlewares/SubGHz_Phy/radio.o
 .text.RadioSetPublicNetwork
                0x0000000008005cc8       0x44 ./Middlewares/SubGHz_Phy/radio.o
 .text.RadioSetTxConfig
                0x0000000008005d0c      0x1ac ./Middlewares/SubGHz_Phy/radio.o
 .text.RadioSetRxConfig
                0x0000000008005eb8      0x2f8 ./Middlewares/SubGHz_Phy/radio.o
 .text.RadioIsChannelFree
                0x00000000080061b0       0x7c ./Middlewares/SubGHz_Phy/radio.o
 .text.RadioInit
                0x000000000800622c       0x98 ./Middlewares/SubGHz_Phy/radio.o
 .text.SUBGRF_GetOperatingMode
                0x00000000080062c4        0xc ./Middlewares/SubGHz_Phy/radio_driver.o
                0x00000000080062c4                SUBGRF_GetOperatingMode
 .text.SUBGRF_GetPacketType
                0x00000000080062d0        0xc ./Middlewares/SubGHz_Phy/radio_driver.o
                0x00000000080062d0                SUBGRF_GetPacketType
 .text.SUBGRF_WriteRegister
                0x00000000080062dc       0x20 ./Middlewares/SubGHz_Phy/radio_driver.o
                0x00000000080062dc                SUBGRF_WriteRegister
 .text.SUBGRF_ReadRegister
                0x00000000080062fc       0x20 ./Middlewares/SubGHz_Phy/radio_driver.o
                0x00000000080062fc                SUBGRF_ReadRegister
 .text.Radio_SMPS_Set
                0x000000000800631c       0x26 ./Middlewares/SubGHz_Phy/radio_driver.o
 .text.SUBGRF_SetWhiteningSeed
                0x0000000008006342       0x32 ./Middlewares/SubGHz_Phy/radio_driver.o
                0x0000000008006342                SUBGRF_SetWhiteningSeed
 .text.SUBGRF_WriteRegisters
                0x0000000008006374       0x20 ./Middlewares/SubGHz_Phy/radio_driver.o
                0x0000000008006374                SUBGRF_WriteRegisters
 .text.SUBGRF_SetSyncWord
                0x0000000008006394       0x12 ./Middlewares/SubGHz_Phy/radio_driver.o
                0x0000000008006394                SUBGRF_SetSyncWord
 .text.SUBGRF_SetCrcSeed
                0x00000000080063a6       0x28 ./Middlewares/SubGHz_Phy/radio_driver.o
                0x00000000080063a6                SUBGRF_SetCrcSeed
 .text.SUBGRF_SetCrcPolynomial
                0x00000000080063ce       0x28 ./Middlewares/SubGHz_Phy/radio_driver.o
                0x00000000080063ce                SUBGRF_SetCrcPolynomial
 *fill*         0x00000000080063f6        0x2 
 .text.SUBGRF_ReadRegisters
                0x00000000080063f8       0x20 ./Middlewares/SubGHz_Phy/radio_driver.o
                0x00000000080063f8                SUBGRF_ReadRegisters
 .text.SUBGRF_WriteBuffer
                0x0000000008006418       0x20 ./Middlewares/SubGHz_Phy/radio_driver.o
                0x0000000008006418                SUBGRF_WriteBuffer
 .text.SUBGRF_SetPayload
                0x0000000008006438        0xe ./Middlewares/SubGHz_Phy/radio_driver.o
                0x0000000008006438                SUBGRF_SetPayload
 *fill*         0x0000000008006446        0x2 
 .text.SUBGRF_ReadBuffer
                0x0000000008006448       0x20 ./Middlewares/SubGHz_Phy/radio_driver.o
                0x0000000008006448                SUBGRF_ReadBuffer
 .text.SUBGRF_WriteCommand
                0x0000000008006468       0x20 ./Middlewares/SubGHz_Phy/radio_driver.o
                0x0000000008006468                SUBGRF_WriteCommand
 .text.SUBGRF_SetSleep
                0x0000000008006488       0x40 ./Middlewares/SubGHz_Phy/radio_driver.o
                0x0000000008006488                SUBGRF_SetSleep
 .text.SUBGRF_SetStandby
                0x00000000080064c8       0x34 ./Middlewares/SubGHz_Phy/radio_driver.o
                0x00000000080064c8                SUBGRF_SetStandby
 .text.SUBGRF_SetTx
                0x00000000080064fc       0x34 ./Middlewares/SubGHz_Phy/radio_driver.o
                0x00000000080064fc                SUBGRF_SetTx
 .text.SUBGRF_SendPayload
                0x0000000008006530       0x10 ./Middlewares/SubGHz_Phy/radio_driver.o
                0x0000000008006530                SUBGRF_SendPayload
 .text.SUBGRF_SetRx
                0x0000000008006540       0x34 ./Middlewares/SubGHz_Phy/radio_driver.o
                0x0000000008006540                SUBGRF_SetRx
 .text.SUBGRF_GetRandom
                0x0000000008006574       0x6a ./Middlewares/SubGHz_Phy/radio_driver.o
                0x0000000008006574                SUBGRF_GetRandom
 *fill*         0x00000000080065de        0x2 
 .text.SUBGRF_SetRxBoosted
                0x00000000080065e0       0x3c ./Middlewares/SubGHz_Phy/radio_driver.o
                0x00000000080065e0                SUBGRF_SetRxBoosted
 .text.SUBGRF_SetRxDutyCycle
                0x000000000800661c       0x48 ./Middlewares/SubGHz_Phy/radio_driver.o
                0x000000000800661c                SUBGRF_SetRxDutyCycle
 .text.SUBGRF_SetCad
                0x0000000008006664       0x18 ./Middlewares/SubGHz_Phy/radio_driver.o
                0x0000000008006664                SUBGRF_SetCad
 .text.SUBGRF_SetTxContinuousWave
                0x000000000800667c        0xe ./Middlewares/SubGHz_Phy/radio_driver.o
                0x000000000800667c                SUBGRF_SetTxContinuousWave
 .text.SUBGRF_SetTxInfinitePreamble
                0x000000000800668a        0xe ./Middlewares/SubGHz_Phy/radio_driver.o
                0x000000000800668a                SUBGRF_SetTxInfinitePreamble
 .text.SUBGRF_SetStopRxTimerOnPreambleDetect
                0x0000000008006698       0x1a ./Middlewares/SubGHz_Phy/radio_driver.o
                0x0000000008006698                SUBGRF_SetStopRxTimerOnPreambleDetect
 .text.SUBGRF_SetLoRaSymbNumTimeout
                0x00000000080066b2       0x42 ./Middlewares/SubGHz_Phy/radio_driver.o
                0x00000000080066b2                SUBGRF_SetLoRaSymbNumTimeout
 .text.SUBGRF_SetRegulatorMode
                0x00000000080066f4       0x2c ./Middlewares/SubGHz_Phy/radio_driver.o
                0x00000000080066f4                SUBGRF_SetRegulatorMode
 .text.SUBGRF_Calibrate
                0x0000000008006720       0x42 ./Middlewares/SubGHz_Phy/radio_driver.o
                0x0000000008006720                SUBGRF_Calibrate
 *fill*         0x0000000008006762        0x2 
 .text.SUBGRF_CalibrateImage
                0x0000000008006764       0x98 ./Middlewares/SubGHz_Phy/radio_driver.o
                0x0000000008006764                SUBGRF_CalibrateImage
 .text.SUBGRF_SetPaConfig
                0x00000000080067fc       0x26 ./Middlewares/SubGHz_Phy/radio_driver.o
                0x00000000080067fc                SUBGRF_SetPaConfig
 .text.SUBGRF_SetDioIrqParams
                0x0000000008006822       0x3e ./Middlewares/SubGHz_Phy/radio_driver.o
                0x0000000008006822                SUBGRF_SetDioIrqParams
 .text.SUBGRF_SetTcxoMode
                0x0000000008006860       0x32 ./Middlewares/SubGHz_Phy/radio_driver.o
                0x0000000008006860                SUBGRF_SetTcxoMode
 *fill*         0x0000000008006892        0x2 
 .text.SUBGRF_Init
                0x0000000008006894       0x74 ./Middlewares/SubGHz_Phy/radio_driver.o
                0x0000000008006894                SUBGRF_Init
 .text.SUBGRF_SetRfFrequency
                0x0000000008006908       0x58 ./Middlewares/SubGHz_Phy/radio_driver.o
                0x0000000008006908                SUBGRF_SetRfFrequency
 .text.SUBGRF_SetPacketType
                0x0000000008006960       0x34 ./Middlewares/SubGHz_Phy/radio_driver.o
                0x0000000008006960                SUBGRF_SetPacketType
 .text.SUBGRF_SetTxParams
                0x0000000008006994      0x11a ./Middlewares/SubGHz_Phy/radio_driver.o
                0x0000000008006994                SUBGRF_SetTxParams
 *fill*         0x0000000008006aae        0x2 
 .text.SUBGRF_SetModulationParams
                0x0000000008006ab0      0x110 ./Middlewares/SubGHz_Phy/radio_driver.o
                0x0000000008006ab0                SUBGRF_SetModulationParams
 .text.SUBGRF_SetPacketParams
                0x0000000008006bc0       0xe4 ./Middlewares/SubGHz_Phy/radio_driver.o
                0x0000000008006bc0                SUBGRF_SetPacketParams
 .text.SUBGRF_SetBufferBaseAddress
                0x0000000008006ca4       0x1c ./Middlewares/SubGHz_Phy/radio_driver.o
                0x0000000008006ca4                SUBGRF_SetBufferBaseAddress
 .text.SUBGRF_ReadCommand
                0x0000000008006cc0       0x20 ./Middlewares/SubGHz_Phy/radio_driver.o
                0x0000000008006cc0                SUBGRF_ReadCommand
 .text.SUBGRF_GetRssiInst
                0x0000000008006ce0       0x1c ./Middlewares/SubGHz_Phy/radio_driver.o
                0x0000000008006ce0                SUBGRF_GetRssiInst
 .text.SUBGRF_GetRxBufferStatus
                0x0000000008006cfc       0x44 ./Middlewares/SubGHz_Phy/radio_driver.o
                0x0000000008006cfc                SUBGRF_GetRxBufferStatus
 .text.SUBGRF_GetPayload
                0x0000000008006d40       0x34 ./Middlewares/SubGHz_Phy/radio_driver.o
                0x0000000008006d40                SUBGRF_GetPayload
 .text.SUBGRF_GetPacketStatus
                0x0000000008006d74       0x78 ./Middlewares/SubGHz_Phy/radio_driver.o
                0x0000000008006d74                SUBGRF_GetPacketStatus
 .text.SUBGRF_SetSwitch
                0x0000000008006dec       0x28 ./Middlewares/SubGHz_Phy/radio_driver.o
                0x0000000008006dec                SUBGRF_SetSwitch
 .text.SUBGRF_SetRfTxPower
                0x0000000008006e14       0x2e ./Middlewares/SubGHz_Phy/radio_driver.o
                0x0000000008006e14                SUBGRF_SetRfTxPower
 .text.SUBGRF_GetRadioWakeUpTime
                0x0000000008006e42        0x4 ./Middlewares/SubGHz_Phy/radio_driver.o
                0x0000000008006e42                SUBGRF_GetRadioWakeUpTime
 *fill*         0x0000000008006e46        0x2 
 .text.HAL_SUBGHZ_TxCpltCallback
                0x0000000008006e48       0x10 ./Middlewares/SubGHz_Phy/radio_driver.o
                0x0000000008006e48                HAL_SUBGHZ_TxCpltCallback
 .text.HAL_SUBGHZ_RxCpltCallback
                0x0000000008006e58       0x10 ./Middlewares/SubGHz_Phy/radio_driver.o
                0x0000000008006e58                HAL_SUBGHZ_RxCpltCallback
 .text.HAL_SUBGHZ_CRCErrorCallback
                0x0000000008006e68       0x10 ./Middlewares/SubGHz_Phy/radio_driver.o
                0x0000000008006e68                HAL_SUBGHZ_CRCErrorCallback
 .text.HAL_SUBGHZ_CADStatusCallback
                0x0000000008006e78       0x24 ./Middlewares/SubGHz_Phy/radio_driver.o
                0x0000000008006e78                HAL_SUBGHZ_CADStatusCallback
 .text.HAL_SUBGHZ_RxTxTimeoutCallback
                0x0000000008006e9c       0x14 ./Middlewares/SubGHz_Phy/radio_driver.o
                0x0000000008006e9c                HAL_SUBGHZ_RxTxTimeoutCallback
 .text.HAL_SUBGHZ_HeaderErrorCallback
                0x0000000008006eb0       0x10 ./Middlewares/SubGHz_Phy/radio_driver.o
                0x0000000008006eb0                HAL_SUBGHZ_HeaderErrorCallback
 .text.HAL_SUBGHZ_PreambleDetectedCallback
                0x0000000008006ec0       0x10 ./Middlewares/SubGHz_Phy/radio_driver.o
                0x0000000008006ec0                HAL_SUBGHZ_PreambleDetectedCallback
 .text.HAL_SUBGHZ_SyncWordValidCallback
                0x0000000008006ed0       0x10 ./Middlewares/SubGHz_Phy/radio_driver.o
                0x0000000008006ed0                HAL_SUBGHZ_SyncWordValidCallback
 .text.HAL_SUBGHZ_HeaderValidCallback
                0x0000000008006ee0       0x10 ./Middlewares/SubGHz_Phy/radio_driver.o
                0x0000000008006ee0                HAL_SUBGHZ_HeaderValidCallback
 .text.HAL_SUBGHZ_LrFhssHopCallback
                0x0000000008006ef0       0x14 ./Middlewares/SubGHz_Phy/radio_driver.o
                0x0000000008006ef0                HAL_SUBGHZ_LrFhssHopCallback
 .text.SUBGRF_GetFskBandwidthRegValue
                0x0000000008006f04       0x30 ./Middlewares/SubGHz_Phy/radio_driver.o
                0x0000000008006f04                SUBGRF_GetFskBandwidthRegValue
 .text.SUBGRF_GetCFO
                0x0000000008006f34       0x88 ./Middlewares/SubGHz_Phy/radio_driver.o
                0x0000000008006f34                SUBGRF_GetCFO
 .text.RFW_WhiteInitState
                0x0000000008006fbc        0x4 ./Middlewares/SubGHz_Phy/radio_fw.o
 .text.RFW_WhiteSetState
                0x0000000008006fc0        0x6 ./Middlewares/SubGHz_Phy/radio_fw.o
 .text.RFW_CrcInitState
                0x0000000008006fc6        0x8 ./Middlewares/SubGHz_Phy/radio_fw.o
 .text.RFW_CrcSetState
                0x0000000008006fce        0x6 ./Middlewares/SubGHz_Phy/radio_fw.o
 .text.RFW_WhiteRun
                0x0000000008006fd4       0x40 ./Middlewares/SubGHz_Phy/radio_fw.o
 .text.RFW_PollRxBytes
                0x0000000008007014       0x54 ./Middlewares/SubGHz_Phy/radio_fw.o
 .text.RFW_ReceiveLongPacket
                0x0000000008007068       0xa4 ./Middlewares/SubGHz_Phy/radio_fw.o
                0x0000000008007068                RFW_ReceiveLongPacket
 .text.RFW_Init
                0x000000000800710c       0xc8 ./Middlewares/SubGHz_Phy/radio_fw.o
                0x000000000800710c                RFW_Init
 .text.RFW_DeInit
                0x00000000080071d4        0xc ./Middlewares/SubGHz_Phy/radio_fw.o
                0x00000000080071d4                RFW_DeInit
 .text.RFW_Is_Init
                0x00000000080071e0        0xc ./Middlewares/SubGHz_Phy/radio_fw.o
                0x00000000080071e0                RFW_Is_Init
 .text.RFW_Is_LongPacketModeEnabled
                0x00000000080071ec        0xc ./Middlewares/SubGHz_Phy/radio_fw.o
                0x00000000080071ec                RFW_Is_LongPacketModeEnabled
 .text.RFW_SetAntSwitch
                0x00000000080071f8        0xc ./Middlewares/SubGHz_Phy/radio_fw.o
                0x00000000080071f8                RFW_SetAntSwitch
 .text.RFW_ReceiveInit
                0x0000000008007204       0x2c ./Middlewares/SubGHz_Phy/radio_fw.o
                0x0000000008007204                RFW_ReceiveInit
 .text.RFW_DeInit_TxLongPacket
                0x0000000008007230       0x22 ./Middlewares/SubGHz_Phy/radio_fw.o
                0x0000000008007230                RFW_DeInit_TxLongPacket
 *fill*         0x0000000008007252        0x2 
 .text.RFW_SetRadioModem
                0x0000000008007254        0xc ./Middlewares/SubGHz_Phy/radio_fw.o
                0x0000000008007254                RFW_SetRadioModem
 .text.RFW_CrcRun1Byte
                0x0000000008007260       0x28 ./Middlewares/SubGHz_Phy/radio_fw.o
                0x0000000008007260                RFW_CrcRun1Byte
 .text.RFW_CrcRun
                0x0000000008007288       0x48 ./Middlewares/SubGHz_Phy/radio_fw.o
 .text.RFW_TransmitLongPacket
                0x00000000080072d0      0x240 ./Middlewares/SubGHz_Phy/radio_fw.o
                0x00000000080072d0                RFW_TransmitLongPacket
 .text.RFW_TransmitLongPacket_TxChunkProcess
                0x0000000008007510      0x148 ./Middlewares/SubGHz_Phy/radio_fw.o
 .text.RFW_TransmitLongPacket_NewTxChunkTimerEvent
                0x0000000008007658        0x8 ./Middlewares/SubGHz_Phy/radio_fw.o
 .text.RFW_GetPayload
                0x0000000008007660      0x13c ./Middlewares/SubGHz_Phy/radio_fw.o
 .text.RFW_GetPayloadProcess
                0x000000000800779c      0x198 ./Middlewares/SubGHz_Phy/radio_fw.o
 .text.RFW_GetPayloadTimerEvent
                0x0000000008007934        0x8 ./Middlewares/SubGHz_Phy/radio_fw.o
 .text.RFW_TransmitInit
                0x000000000800793c       0xc8 ./Middlewares/SubGHz_Phy/radio_fw.o
                0x000000000800793c                RFW_TransmitInit
 .text.RFW_GetPacketLength
                0x0000000008007a04       0x84 ./Middlewares/SubGHz_Phy/radio_fw.o
 .text.RFW_ReceivePayload
                0x0000000008007a88       0xc4 ./Middlewares/SubGHz_Phy/radio_fw.o
                0x0000000008007a88                RFW_ReceivePayload
 .text.TRACE_AllocateBufer
                0x0000000008007b4c       0x88 ./Utilities/stm32_adv_trace.o
 .text.TRACE_Lock
                0x0000000008007bd4       0x18 ./Utilities/stm32_adv_trace.o
 .text.TRACE_UnLock
                0x0000000008007bec       0x18 ./Utilities/stm32_adv_trace.o
 .text.TRACE_IsLocked
                0x0000000008007c04       0x10 ./Utilities/stm32_adv_trace.o
 .text.UTIL_ADV_TRACE_Init
                0x0000000008007c14       0x34 ./Utilities/stm32_adv_trace.o
                0x0000000008007c14                UTIL_ADV_TRACE_Init
 .text.UTIL_ADV_TRACE_RegisterTimeStampFunction
                0x0000000008007c48        0xc ./Utilities/stm32_adv_trace.o
                0x0000000008007c48                UTIL_ADV_TRACE_RegisterTimeStampFunction
 .text.UTIL_ADV_TRACE_SetVerboseLevel
                0x0000000008007c54        0xc ./Utilities/stm32_adv_trace.o
                0x0000000008007c54                UTIL_ADV_TRACE_SetVerboseLevel
 .text.TRACE_Send
                0x0000000008007c60       0x9c ./Utilities/stm32_adv_trace.o
 .text.UTIL_ADV_TRACE_COND_FSend
                0x0000000008007cfc       0xcc ./Utilities/stm32_adv_trace.o
                0x0000000008007cfc                UTIL_ADV_TRACE_COND_FSend
 .text.TRACE_TxCpltCallback
                0x0000000008007dc8       0xac ./Utilities/stm32_adv_trace.o
 .text.UTIL_LPM_Init
                0x0000000008007e74       0x14 ./Utilities/stm32_lpm.o
                0x0000000008007e74                UTIL_LPM_Init
 .text.UTIL_LPM_SetStopMode
                0x0000000008007e88       0x2c ./Utilities/stm32_lpm.o
                0x0000000008007e88                UTIL_LPM_SetStopMode
 .text.UTIL_LPM_SetOffMode
                0x0000000008007eb4       0x2c ./Utilities/stm32_lpm.o
                0x0000000008007eb4                UTIL_LPM_SetOffMode
 .text.UTIL_LPM_EnterLowPower
                0x0000000008007ee0       0x48 ./Utilities/stm32_lpm.o
                0x0000000008007ee0                UTIL_LPM_EnterLowPower
 .text.UTIL_MEM_cpy_8
                0x0000000008007f28       0x16 ./Utilities/stm32_mem.o
                0x0000000008007f28                UTIL_MEM_cpy_8
 .text.UTIL_MEM_set_8
                0x0000000008007f3e       0x12 ./Utilities/stm32_mem.o
                0x0000000008007f3e                UTIL_MEM_set_8
 .text.UTIL_SEQ_SetTask
                0x0000000008007f50       0x28 ./Utilities/stm32_seq.o
                0x0000000008007f50                UTIL_SEQ_SetTask
 .text.UTIL_SEQ_PreIdle
                0x0000000008007f78        0x2 ./Utilities/stm32_seq.o
                0x0000000008007f78                UTIL_SEQ_PreIdle
 .text.UTIL_SEQ_PostIdle
                0x0000000008007f7a        0x2 ./Utilities/stm32_seq.o
                0x0000000008007f7a                UTIL_SEQ_PostIdle
 .text.SEQ_BitPosition
                0x0000000008007f7c       0x3c ./Utilities/stm32_seq.o
                0x0000000008007f7c                SEQ_BitPosition
 .text.UTIL_SEQ_Run
                0x0000000008007fb8      0x130 ./Utilities/stm32_seq.o
                0x0000000008007fb8                UTIL_SEQ_Run
 .text.UTIL_SEQ_RegTask
                0x00000000080080e8       0x20 ./Utilities/stm32_seq.o
                0x00000000080080e8                UTIL_SEQ_RegTask
 .text.SysTimeAdd
                0x0000000008008108       0x3e ./Utilities/stm32_systime.o
                0x0000000008008108                SysTimeAdd
 *fill*         0x0000000008008146        0x2 
 .text.SysTimeGet
                0x0000000008008148       0x44 ./Utilities/stm32_systime.o
                0x0000000008008148                SysTimeGet
 .text.UTIL_TIMER_Init
                0x000000000800818c       0x18 ./Utilities/stm32_timer.o
                0x000000000800818c                UTIL_TIMER_Init
 .text.UTIL_TIMER_Create
                0x00000000080081a4       0x3c ./Utilities/stm32_timer.o
                0x00000000080081a4                UTIL_TIMER_Create
 .text.UTIL_TIMER_GetCurrentTime
                0x00000000080081e0       0x14 ./Utilities/stm32_timer.o
                0x00000000080081e0                UTIL_TIMER_GetCurrentTime
 .text.UTIL_TIMER_GetElapsedTime
                0x00000000080081f4       0x20 ./Utilities/stm32_timer.o
                0x00000000080081f4                UTIL_TIMER_GetElapsedTime
 .text.TimerExists
                0x0000000008008214       0x1c ./Utilities/stm32_timer.o
                0x0000000008008214                TimerExists
 .text.TimerSetTimeout
                0x0000000008008230       0x30 ./Utilities/stm32_timer.o
                0x0000000008008230                TimerSetTimeout
 .text.UTIL_TIMER_Stop
                0x0000000008008260       0x6c ./Utilities/stm32_timer.o
                0x0000000008008260                UTIL_TIMER_Stop
 .text.TimerInsertTimer
                0x00000000080082cc       0x2c ./Utilities/stm32_timer.o
                0x00000000080082cc                TimerInsertTimer
 .text.TimerInsertNewHeadTimer
                0x00000000080082f8       0x1c ./Utilities/stm32_timer.o
                0x00000000080082f8                TimerInsertNewHeadTimer
 .text.UTIL_TIMER_Start
                0x0000000008008314       0x8c ./Utilities/stm32_timer.o
                0x0000000008008314                UTIL_TIMER_Start
 .text.UTIL_TIMER_SetPeriod
                0x00000000080083a0       0x34 ./Utilities/stm32_timer.o
                0x00000000080083a0                UTIL_TIMER_SetPeriod
 .text.UTIL_TIMER_IRQ_Handler
                0x00000000080083d4       0x8c ./Utilities/stm32_timer.o
                0x00000000080083d4                UTIL_TIMER_IRQ_Handler
 .text.ee_skip_atoi
                0x0000000008008460       0x24 ./Utilities/stm32_tiny_vsnprintf.o
 .text.ee_number
                0x0000000008008484      0x114 ./Utilities/stm32_tiny_vsnprintf.o
 .text.tiny_vsnprintf_like
                0x0000000008008598      0x188 ./Utilities/stm32_tiny_vsnprintf.o
                0x0000000008008598                tiny_vsnprintf_like
 .text.__libc_init_array
                0x0000000008008720       0x48 /Applications/STM32CubeIDE.app/Contents/Eclipse/plugins/com.st.stm32cube.ide.mcu.externaltools.gnu-tools-for-stm32.10.3-2021.10.macos64_1.0.200.202301161003/tools/bin/../lib/gcc/arm-none-eabi/10.3.1/../../../../arm-none-eabi/lib/thumb/v7e-m/nofp/libc_nano.a(lib_a-init.o)
                0x0000000008008720                __libc_init_array
 .text.memcpy   0x0000000008008768       0x1c /Applications/STM32CubeIDE.app/Contents/Eclipse/plugins/com.st.stm32cube.ide.mcu.externaltools.gnu-tools-for-stm32.10.3-2021.10.macos64_1.0.200.202301161003/tools/bin/../lib/gcc/arm-none-eabi/10.3.1/../../../../arm-none-eabi/lib/thumb/v7e-m/nofp/libc_nano.a(lib_a-memcpy-stub.o)
                0x0000000008008768                memcpy
 .text.memset   0x0000000008008784       0x10 /Applications/STM32CubeIDE.app/Contents/Eclipse/plugins/com.st.stm32cube.ide.mcu.externaltools.gnu-tools-for-stm32.10.3-2021.10.macos64_1.0.200.202301161003/tools/bin/../lib/gcc/arm-none-eabi/10.3.1/../../../../arm-none-eabi/lib/thumb/v7e-m/nofp/libc_nano.a(lib_a-memset.o)
                0x0000000008008784                memset
 *(.glue_7)
 .glue_7        0x0000000008008794        0x0 linker stubs
 *(.glue_7t)
 .glue_7t       0x0000000008008794        0x0 linker stubs
 *(.eh_frame)
 .eh_frame      0x0000000008008794        0x0 /Applications/STM32CubeIDE.app/Contents/Eclipse/plugins/com.st.stm32cube.ide.mcu.externaltools.gnu-tools-for-stm32.10.3-2021.10.macos64_1.0.200.202301161003/tools/bin/../lib/gcc/arm-none-eabi/10.3.1/thumb/v7e-m/nofp/crtbegin.o
 *(.init)
 .init          0x0000000008008794        0x4 /Applications/STM32CubeIDE.app/Contents/Eclipse/plugins/com.st.stm32cube.ide.mcu.externaltools.gnu-tools-for-stm32.10.3-2021.10.macos64_1.0.200.202301161003/tools/bin/../lib/gcc/arm-none-eabi/10.3.1/thumb/v7e-m/nofp/crti.o
                0x0000000008008794                _init
 .init          0x0000000008008798        0x8 /Applications/STM32CubeIDE.app/Contents/Eclipse/plugins/com.st.stm32cube.ide.mcu.externaltools.gnu-tools-for-stm32.10.3-2021.10.macos64_1.0.200.202301161003/tools/bin/../lib/gcc/arm-none-eabi/10.3.1/thumb/v7e-m/nofp/crtn.o
 *(.fini)
 .fini          0x00000000080087a0        0x4 /Applications/STM32CubeIDE.app/Contents/Eclipse/plugins/com.st.stm32cube.ide.mcu.externaltools.gnu-tools-for-stm32.10.3-2021.10.macos64_1.0.200.202301161003/tools/bin/../lib/gcc/arm-none-eabi/10.3.1/thumb/v7e-m/nofp/crti.o
                0x00000000080087a0                _fini
 .fini          0x00000000080087a4        0x8 /Applications/STM32CubeIDE.app/Contents/Eclipse/plugins/com.st.stm32cube.ide.mcu.externaltools.gnu-tools-for-stm32.10.3-2021.10.macos64_1.0.200.202301161003/tools/bin/../lib/gcc/arm-none-eabi/10.3.1/thumb/v7e-m/nofp/crtn.o
                0x00000000080087b0                . = ALIGN (0x8)
 *fill*         0x00000000080087ac        0x4 
                0x00000000080087b0                _etext = .

.vfp11_veneer   0x00000000080087b0        0x0
 .vfp11_veneer  0x00000000080087b0        0x0 linker stubs

.v4_bx          0x00000000080087b0        0x0
 .v4_bx         0x00000000080087b0        0x0 linker stubs

.iplt           0x00000000080087b0        0x0
 .iplt          0x00000000080087b0        0x0 /Applications/STM32CubeIDE.app/Contents/Eclipse/plugins/com.st.stm32cube.ide.mcu.externaltools.gnu-tools-for-stm32.10.3-2021.10.macos64_1.0.200.202301161003/tools/bin/../lib/gcc/arm-none-eabi/10.3.1/thumb/v7e-m/nofp/crtbegin.o

.rodata         0x00000000080087b0      0x630
                0x00000000080087b0                . = ALIGN (0x8)
 *(.rodata)
 .rodata        0x00000000080087b0       0x1c ./Drivers/STM32WLxx_HAL_Driver/stm32wlxx_hal_rcc.o
 .rodata        0x00000000080087cc       0x10 ./Middlewares/SubGHz_Phy/radio.o
 .rodata        0x00000000080087dc       0x11 ./Middlewares/SubGHz_Phy/radio_driver.o
 *(.rodata*)
 *fill*         0x00000000080087ed        0x3 
 .rodata.UTIL_PowerDriver
                0x00000000080087f0       0x18 ./Application/User/Core/stm32_lpm_if.o
                0x00000000080087f0                UTIL_PowerDriver
 .rodata.TimestampNow.str1.4
                0x0000000008008808        0x9 ./Application/User/Core/sys_app.o
 *fill*         0x0000000008008811        0x3 
 .rodata.UTIL_SYSTIMDriver
                0x0000000008008814       0x14 ./Application/User/Core/timer_if.o
                0x0000000008008814                UTIL_SYSTIMDriver
 .rodata.UTIL_TimerDriver
                0x0000000008008828       0x2c ./Application/User/Core/timer_if.o
                0x0000000008008828                UTIL_TimerDriver
 .rodata.UTIL_TraceDriver
                0x0000000008008854       0x10 ./Application/User/Core/usart_if.o
                0x0000000008008854                UTIL_TraceDriver
 .rodata.Per_Process.str1.4
                0x0000000008008864       0x31 ./Application/User/SubGHz_Phy/App/subghz_phy_app.o
 *fill*         0x0000000008008895        0x3 
 .rodata.SubghzApp_Init.str1.4
                0x0000000008008898       0x9e ./Application/User/SubGHz_Phy/App/subghz_phy_app.o
 *fill*         0x0000000008008936        0x2 
 .rodata.HAL_GPIO_EXTI_Callback.str1.4
                0x0000000008008938       0x47 ./Application/User/SubGHz_Phy/App/subghz_phy_app.o
 *fill*         0x000000000800897f        0x1 
 .rodata.AHBPrescTable
                0x0000000008008980       0x40 ./Drivers/CMSIS/system_stm32wlxx.o
                0x0000000008008980                AHBPrescTable
 .rodata.APBPrescTable
                0x00000000080089c0       0x20 ./Drivers/CMSIS/system_stm32wlxx.o
                0x00000000080089c0                APBPrescTable
 .rodata.MSIRangeTable
                0x00000000080089e0       0x40 ./Drivers/CMSIS/system_stm32wlxx.o
                0x00000000080089e0                MSIRangeTable
 .rodata.UARTPrescTable
                0x0000000008008a20       0x18 ./Drivers/STM32WLxx_HAL_Driver/stm32wlxx_hal_uart.o
                0x0000000008008a20                UARTPrescTable
 .rodata.denominator.0
                0x0000000008008a38        0x8 ./Drivers/STM32WLxx_HAL_Driver/stm32wlxx_hal_uart_ex.o
 .rodata.numerator.1
                0x0000000008008a40        0x8 ./Drivers/STM32WLxx_HAL_Driver/stm32wlxx_hal_uart_ex.o
 .rodata.RadioIrqProcess.str1.4
                0x0000000008008a48       0x54 ./Middlewares/SubGHz_Phy/radio.o
 .rodata.RadioSend.str1.4
                0x0000000008008a9c       0x15 ./Middlewares/SubGHz_Phy/radio.o
 *fill*         0x0000000008008ab1        0x3 
 .rodata.Bandwidths
                0x0000000008008ab4        0x3 ./Middlewares/SubGHz_Phy/radio.o
                0x0000000008008ab4                Bandwidths
 *fill*         0x0000000008008ab7        0x1 
 .rodata.Radio  0x0000000008008ab8       0x8c ./Middlewares/SubGHz_Phy/radio.o
                0x0000000008008ab8                Radio
 .rodata.FskBandwidths
                0x0000000008008b44       0xb0 ./Middlewares/SubGHz_Phy/radio_driver.o
 .rodata.RFW_TransmitLongPacket.str1.4
                0x0000000008008bf4       0x1e ./Middlewares/SubGHz_Phy/radio_fw.o
 *fill*         0x0000000008008c12        0x2 
 .rodata.RFW_TransmitLongPacket_TxChunkProcess.str1.4
                0x0000000008008c14       0x7b ./Middlewares/SubGHz_Phy/radio_fw.o
 *fill*         0x0000000008008c8f        0x1 
 .rodata.RFW_GetPayload.str1.4
                0x0000000008008c90       0x31 ./Middlewares/SubGHz_Phy/radio_fw.o
 *fill*         0x0000000008008cc1        0x3 
 .rodata.RFW_GetPayloadProcess.str1.4
                0x0000000008008cc4       0x84 ./Middlewares/SubGHz_Phy/radio_fw.o
 .rodata.RFW_TransmitInit.str1.4
                0x0000000008008d48       0x15 ./Middlewares/SubGHz_Phy/radio_fw.o
 .rodata.RFW_GetPacketLength.str1.4
                0x0000000008008d48       0x14 ./Middlewares/SubGHz_Phy/radio_fw.o
 .rodata.RFW_ReceivePayload.str1.4
                0x0000000008008d5c       0x15 ./Middlewares/SubGHz_Phy/radio_fw.o
 *fill*         0x0000000008008d71        0x3 
 .rodata.SEQ_clz_table_4bit
                0x0000000008008d74       0x10 ./Utilities/stm32_seq.o
                0x0000000008008d74                SEQ_clz_table_4bit
 .rodata.ee_number.str1.4
                0x0000000008008d84       0x4d ./Utilities/stm32_tiny_vsnprintf.o
 *fill*         0x0000000008008dd1        0x3 
 .rodata.tiny_vsnprintf_like.str1.4
                0x0000000008008dd4        0x7 ./Utilities/stm32_tiny_vsnprintf.o
                0x0000000008008de0                . = ALIGN (0x8)
 *fill*         0x0000000008008ddb        0x5 

.ARM.extab      0x0000000008008de0        0x0
                0x0000000008008de0                . = ALIGN (0x8)
 *(.ARM.extab* .gnu.linkonce.armextab.*)
                0x0000000008008de0                . = ALIGN (0x8)

.ARM            0x0000000008008de0        0x8
                0x0000000008008de0                . = ALIGN (0x8)
                0x0000000008008de0                __exidx_start = .
 *(.ARM.exidx*)
 .ARM.exidx     0x0000000008008de0        0x8 /Applications/STM32CubeIDE.app/Contents/Eclipse/plugins/com.st.stm32cube.ide.mcu.externaltools.gnu-tools-for-stm32.10.3-2021.10.macos64_1.0.200.202301161003/tools/bin/../lib/gcc/arm-none-eabi/10.3.1/thumb/v7e-m/nofp/libgcc.a(_udivmoddi4.o)
                0x0000000008008de8                __exidx_end = .
                0x0000000008008de8                . = ALIGN (0x8)

.rel.dyn        0x0000000008008de8        0x0
 .rel.iplt      0x0000000008008de8        0x0 /Applications/STM32CubeIDE.app/Contents/Eclipse/plugins/com.st.stm32cube.ide.mcu.externaltools.gnu-tools-for-stm32.10.3-2021.10.macos64_1.0.200.202301161003/tools/bin/../lib/gcc/arm-none-eabi/10.3.1/thumb/v7e-m/nofp/crtbegin.o

.preinit_array  0x0000000008008de8        0x0
                0x0000000008008de8                . = ALIGN (0x8)
                0x0000000008008de8                PROVIDE (__preinit_array_start = .)
 *(.preinit_array*)
                0x0000000008008de8                PROVIDE (__preinit_array_end = .)
                0x0000000008008de8                . = ALIGN (0x8)

.init_array     0x0000000008008de8        0x8
                0x0000000008008de8                . = ALIGN (0x8)
                0x0000000008008de8                PROVIDE (__init_array_start = .)
 *(SORT_BY_NAME(.init_array.*))
 *(.init_array*)
 .init_array    0x0000000008008de8        0x4 /Applications/STM32CubeIDE.app/Contents/Eclipse/plugins/com.st.stm32cube.ide.mcu.externaltools.gnu-tools-for-stm32.10.3-2021.10.macos64_1.0.200.202301161003/tools/bin/../lib/gcc/arm-none-eabi/10.3.1/thumb/v7e-m/nofp/crtbegin.o
                0x0000000008008dec                PROVIDE (__init_array_end = .)
                0x0000000008008df0                . = ALIGN (0x8)
 *fill*         0x0000000008008dec        0x4 

.fini_array     0x0000000008008df0        0x8
                0x0000000008008df0                . = ALIGN (0x8)
                [!provide]                        PROVIDE (__fini_array_start = .)
 *(SORT_BY_NAME(.fini_array.*))
 *(.fini_array*)
 .fini_array    0x0000000008008df0        0x4 /Applications/STM32CubeIDE.app/Contents/Eclipse/plugins/com.st.stm32cube.ide.mcu.externaltools.gnu-tools-for-stm32.10.3-2021.10.macos64_1.0.200.202301161003/tools/bin/../lib/gcc/arm-none-eabi/10.3.1/thumb/v7e-m/nofp/crtbegin.o
                [!provide]                        PROVIDE (__fini_array_end = .)
                0x0000000008008df8                . = ALIGN (0x8)
 *fill*         0x0000000008008df4        0x4 
                0x0000000008008df8                _sidata = LOADADDR (.data)

.data           0x0000000020000000       0x20 load address 0x0000000008008df8
                0x0000000020000000                . = ALIGN (0x8)
                0x0000000020000000                _sdata = .
 *(.data)
 *(.data*)
 .data.payloadLen
                0x0000000020000000        0x2 ./Application/User/SubGHz_Phy/App/subghz_phy_app.o
 *fill*         0x0000000020000002        0x2 
 .data.syncword
                0x0000000020000004        0x3 ./Application/User/SubGHz_Phy/App/subghz_phy_app.o
 *fill*         0x0000000020000007        0x1 
 .data.SystemCoreClock
                0x0000000020000008        0x4 ./Drivers/CMSIS/system_stm32wlxx.o
                0x0000000020000008                SystemCoreClock
 .data.uwTickPrio
                0x000000002000000c        0x4 ./Drivers/STM32WLxx_HAL_Driver/stm32wlxx_hal.o
                0x000000002000000c                uwTickPrio
 .data.MaxPayloadLength
                0x0000000020000010        0x1 ./Middlewares/SubGHz_Phy/radio.o
 *fill*         0x0000000020000011        0x3 
 .data.SuperMask
                0x0000000020000014        0x4 ./Utilities/stm32_seq.o
 .data.TaskMask
                0x0000000020000018        0x4 ./Utilities/stm32_seq.o
 *(.RamFunc)
 *(.RamFunc*)
                0x0000000020000020                . = ALIGN (0x8)
 *fill*         0x000000002000001c        0x4 
                0x0000000020000020                _edata = .

.igot.plt       0x0000000020000020        0x0 load address 0x0000000008008e18
 .igot.plt      0x0000000020000020        0x0 /Applications/STM32CubeIDE.app/Contents/Eclipse/plugins/com.st.stm32cube.ide.mcu.externaltools.gnu-tools-for-stm32.10.3-2021.10.macos64_1.0.200.202301161003/tools/bin/../lib/gcc/arm-none-eabi/10.3.1/thumb/v7e-m/nofp/crtbegin.o
                0x0000000020000020                . = ALIGN (0x8)

.bss            0x0000000020000020      0xcc0 load address 0x0000000008008e18
                0x0000000020000020                _sbss = .
                0x0000000020000020                __bss_start__ = _sbss
 *(.bss)
 .bss           0x0000000020000020       0x1c /Applications/STM32CubeIDE.app/Contents/Eclipse/plugins/com.st.stm32cube.ide.mcu.externaltools.gnu-tools-for-stm32.10.3-2021.10.macos64_1.0.200.202301161003/tools/bin/../lib/gcc/arm-none-eabi/10.3.1/thumb/v7e-m/nofp/crtbegin.o
 *(.bss*)
 .bss.hrtc      0x000000002000003c       0x38 ./Application/User/Core/rtc.o
                0x000000002000003c                hrtc
 .bss.hsubghz   0x0000000020000074        0xc ./Application/User/Core/subghz.o
                0x0000000020000074                hsubghz
 .bss.SYS_TimerInitialisedFlag
                0x0000000020000080        0x1 ./Application/User/Core/sys_app.o
 .bss.RTC_Initialized
                0x0000000020000081        0x1 ./Application/User/Core/timer_if.o
 *fill*         0x0000000020000082        0x2 
 .bss.RtcTimerContext
                0x0000000020000084        0x4 ./Application/User/Core/timer_if.o
 .bss.hdma_usart2_tx
                0x0000000020000088       0x60 ./Application/User/Core/usart.o
                0x0000000020000088                hdma_usart2_tx
 .bss.huart2    0x00000000200000e8       0x94 ./Application/User/Core/usart.o
                0x00000000200000e8                huart2
 .bss.RxCpltCallback
                0x000000002000017c        0x4 ./Application/User/Core/usart_if.o
 .bss.TxCpltCallback
                0x0000000020000180        0x4 ./Application/User/Core/usart_if.o
 .bss.charRx    0x0000000020000184        0x1 ./Application/User/Core/usart_if.o
                0x0000000020000184                charRx
 *fill*         0x0000000020000185        0x3 
 .bss.RadioError_flag
                0x0000000020000188        0x4 ./Application/User/SubGHz_Phy/App/subghz_phy_app.o
 .bss.RadioEvents
                0x000000002000018c       0x1c ./Application/User/SubGHz_Phy/App/subghz_phy_app.o
 .bss.RadioRxDone_flag
                0x00000000200001a8        0x4 ./Application/User/SubGHz_Phy/App/subghz_phy_app.o
 .bss.RadioRxTimeout_flag
                0x00000000200001ac        0x4 ./Application/User/SubGHz_Phy/App/subghz_phy_app.o
 .bss.RadioTxDone_flag
                0x00000000200001b0        0x4 ./Application/User/SubGHz_Phy/App/subghz_phy_app.o
 .bss.RadioTxTimeout_flag
                0x00000000200001b4        0x4 ./Application/User/SubGHz_Phy/App/subghz_phy_app.o
 .bss.TxPayloadMode
                0x00000000200001b8        0x1 ./Application/User/SubGHz_Phy/App/subghz_phy_app.o
 *fill*         0x00000000200001b9        0x3 
 .bss.data_buffer
                0x00000000200001bc      0x3e8 ./Application/User/SubGHz_Phy/App/subghz_phy_app.o
                0x00000000200001bc                data_buffer
 .bss.data_offset
                0x00000000200005a4        0x2 ./Application/User/SubGHz_Phy/App/subghz_phy_app.o
                0x00000000200005a4                data_offset
 .bss.last_rx_cfo
                0x00000000200005a6        0x1 ./Application/User/SubGHz_Phy/App/subghz_phy_app.o
 *fill*         0x00000000200005a7        0x1 
 .bss.last_rx_rssi
                0x00000000200005a8        0x2 ./Application/User/SubGHz_Phy/App/subghz_phy_app.o
 *fill*         0x00000000200005aa        0x2 
 .bss.packetCnt
                0x00000000200005ac        0x4 ./Application/User/SubGHz_Phy/App/subghz_phy_app.o
 .bss.RadioBuffer
                0x00000000200005b0       0xff ./Middlewares/SubGHz_Phy/radio.o
 *fill*         0x00000000200006af        0x1 
 .bss.RadioEvents
                0x00000000200006b0        0x4 ./Middlewares/SubGHz_Phy/radio.o
 .bss.RxTimeoutTimer
                0x00000000200006b4       0x18 ./Middlewares/SubGHz_Phy/radio.o
                0x00000000200006b4                RxTimeoutTimer
 .bss.SubgRf    0x00000000200006cc       0x5c ./Middlewares/SubGHz_Phy/radio.o
                0x00000000200006cc                SubgRf
 .bss.TxTimeoutTimer
                0x0000000020000728       0x18 ./Middlewares/SubGHz_Phy/radio.o
                0x0000000020000728                TxTimeoutTimer
 .bss.FrequencyError
                0x0000000020000740        0x4 ./Middlewares/SubGHz_Phy/radio_driver.o
                0x0000000020000740                FrequencyError
 .bss.ImageCalibrated
                0x0000000020000744        0x1 ./Middlewares/SubGHz_Phy/radio_driver.o
 .bss.LoRaHeaderType
                0x0000000020000745        0x1 ./Middlewares/SubGHz_Phy/radio_driver.o
 .bss.OperatingMode
                0x0000000020000746        0x1 ./Middlewares/SubGHz_Phy/radio_driver.o
 .bss.PacketType
                0x0000000020000747        0x1 ./Middlewares/SubGHz_Phy/radio_driver.o
 .bss.RadioOnDioIrqCb
                0x0000000020000748        0x4 ./Middlewares/SubGHz_Phy/radio_driver.o
 .bss.ChunkBuffer
                0x000000002000074c       0xff ./Middlewares/SubGHz_Phy/radio_fw.o
 *fill*         0x000000002000084b        0x1 
 .bss.RFWPacket
                0x000000002000084c       0x54 ./Middlewares/SubGHz_Phy/radio_fw.o
 .bss.RxBuffer  0x00000000200008a0       0xff ./Middlewares/SubGHz_Phy/radio_fw.o
 *fill*         0x000000002000099f        0x1 
 .bss.ADV_TRACE_Buffer
                0x00000000200009a0      0x200 ./Utilities/stm32_adv_trace.o
 .bss.ADV_TRACE_Ctx
                0x0000000020000ba0       0x18 ./Utilities/stm32_adv_trace.o
 .bss.sztmp     0x0000000020000bb8      0x100 ./Utilities/stm32_adv_trace.o
 .bss.OffModeDisable
                0x0000000020000cb8        0x4 ./Utilities/stm32_lpm.o
 .bss.StopModeDisable
                0x0000000020000cbc        0x4 ./Utilities/stm32_lpm.o
 .bss.CurrentTaskIdx
                0x0000000020000cc0        0x4 ./Utilities/stm32_seq.o
 .bss.EvtSet    0x0000000020000cc4        0x4 ./Utilities/stm32_seq.o
 .bss.EvtWaited
                0x0000000020000cc8        0x4 ./Utilities/stm32_seq.o
 .bss.TaskCb    0x0000000020000ccc        0x4 ./Utilities/stm32_seq.o
 .bss.TaskPrio  0x0000000020000cd0        0x8 ./Utilities/stm32_seq.o
 .bss.TaskSet   0x0000000020000cd8        0x4 ./Utilities/stm32_seq.o
 .bss.TimerListHead
                0x0000000020000cdc        0x4 ./Utilities/stm32_timer.o
 *(COMMON)
                0x0000000020000ce0                . = ALIGN (0x8)