/Users/haidegh/dev/stm32/SubGHz_Phy_Per/SubGHz_Phy/App/subghz_phy_app.c:582:16:tx_payload_generator	8	static
/Users/haidegh/dev/stm32/SubGHz_Phy_Per/SubGHz_Phy/App/subghz_phy_app.c:437:13:Per_Process	16	static
/Users/haidegh/dev/stm32/SubGHz_Phy_Per/SubGHz_Phy/App/subghz_phy_app.c:401:13:OnRxError	8	static
/Users/haidegh/dev/stm32/SubGHz_Phy_Per/SubGHz_Phy/App/subghz_phy_app.c:392:13:OnRxTimeout	8	static
/Users/haidegh/dev/stm32/SubGHz_Phy_Per/SubGHz_Phy/App/subghz_phy_app.c:383:13:OnTxTimeout	8	static
/Users/haidegh/dev/stm32/SubGHz_Phy_Per/SubGHz_Phy/App/subghz_phy_app.c:354:13:OnTxDone	8	static
/Users/haidegh/dev/stm32/SubGHz_Phy_Per/SubGHz_Phy/App/subghz_phy_app.c:362:13:OnRxDone	16	static
/Users/haidegh/dev/stm32/SubGHz_Phy_Per/SubGHz_Phy/App/subghz_phy_app.c:194:6:SubghzApp_Init	72	static
/Users/haidegh/dev/stm32/SubGHz_Phy_Per/SubGHz_Phy/App/subghz_phy_app.c:542:6:HAL_GPIO_EXTI_Callback	16	static
